<!doctype html public "-//w3c//dtd html 4.0 transitional//en">
<html><head>
<title>Static Call Graph - [.\obj\W7500x_S2E_App.axf]</title></head>
<body><HR>
<H1>Static Call Graph for image .\obj\W7500x_S2E_App.axf</H1><HR>
<BR><P>#&#060CALLGRAPH&#062# ARM Linker, 5060750: Last Updated: Thu Feb 22 15:02:17 2024
<BR><P>
<H3>Maximum Stack Usage =        720 bytes + Unknown(Cycles, Untraceable Function Pointers)</H3><H3>
Call chain for Maximum Stack Depth:</H3>
__rt_entry_main &rArr; main &rArr; Config_Module_Btn_Process &rArr; process_dhcp &rArr; do_segcp &rArr; device_appboot_update &rArr; Copy_Interrupt_VectorTable &rArr; DO_IAP
<P>
<H3>
Mutually Recursive functions
</H3> <LI><a href="#[10]">Remap_HardFault_Handler</a>&nbsp;&nbsp;&nbsp;&rArr;&nbsp;&nbsp;&nbsp;<a href="#[10]">Remap_HardFault_Handler</a><BR>
 <LI><a href="#[54]">_sys_exit</a>&nbsp;&nbsp;&nbsp;&rArr;&nbsp;&nbsp;&nbsp;<a href="#[54]">_sys_exit</a><BR>
</UL>
<P>
<H3>
Function Pointers
</H3><UL>
 <LI><a href="#[2b]">Remap_ADC_Handler</a> from isr_vector.o(.ARM.__at_0x00007DDC) referenced from startup_w7500x.o(RESET)
 <LI><a href="#[1f]">Remap_DMA_Handler</a> from isr_vector.o(.ARM.__at_0x00007D7C) referenced from startup_w7500x.o(RESET)
 <LI><a href="#[20]">Remap_DUALTIMER0_Handler</a> from isr_vector.o(.ARM.__at_0x00007D84) referenced from startup_w7500x.o(RESET)
 <LI><a href="#[21]">Remap_DUALTIMER1_Handler</a> from isr_vector.o(.ARM.__at_0x00007D8C) referenced from startup_w7500x.o(RESET)
 <LI><a href="#[2d]">Remap_EXTI_Handler</a> from isr_vector.o(.ARM.__at_0x00007DEC) referenced from startup_w7500x.o(RESET)
 <LI><a href="#[10]">Remap_HardFault_Handler</a> from startup_w7500x.o(.text) referenced from startup_w7500x.o(RESET)
 <LI><a href="#[19]">Remap_I2C0_Handler</a> from isr_vector.o(.ARM.__at_0x00007D4C) referenced from startup_w7500x.o(RESET)
 <LI><a href="#[1a]">Remap_I2C1_Handler</a> from isr_vector.o(.ARM.__at_0x00007D54) referenced from startup_w7500x.o(RESET)
 <LI><a href="#[f]">Remap_NMI_Handler</a> from isr_vector.o(.ARM.__at_0x00007D00) referenced from startup_w7500x.o(RESET)
 <LI><a href="#[1b]">Remap_PORT0_Handler</a> from isr_vector.o(.ARM.__at_0x00007D5C) referenced from startup_w7500x.o(RESET)
 <LI><a href="#[1c]">Remap_PORT1_Handler</a> from isr_vector.o(.ARM.__at_0x00007D64) referenced from startup_w7500x.o(RESET)
 <LI><a href="#[1d]">Remap_PORT2_Handler</a> from isr_vector.o(.ARM.__at_0x00007D6C) referenced from startup_w7500x.o(RESET)
 <LI><a href="#[1e]">Remap_PORT3_Handler</a> from isr_vector.o(.ARM.__at_0x00007D74) referenced from startup_w7500x.o(RESET)
 <LI><a href="#[22]">Remap_PWM0_Handler</a> from isr_vector.o(.ARM.__at_0x00007D94) referenced from startup_w7500x.o(RESET)
 <LI><a href="#[23]">Remap_PWM1_Handler</a> from isr_vector.o(.ARM.__at_0x00007D9C) referenced from startup_w7500x.o(RESET)
 <LI><a href="#[24]">Remap_PWM2_Handler</a> from isr_vector.o(.ARM.__at_0x00007DA4) referenced from startup_w7500x.o(RESET)
 <LI><a href="#[25]">Remap_PWM3_Handler</a> from isr_vector.o(.ARM.__at_0x00007DAC) referenced from startup_w7500x.o(RESET)
 <LI><a href="#[26]">Remap_PWM4_Handler</a> from isr_vector.o(.ARM.__at_0x00007DB4) referenced from startup_w7500x.o(RESET)
 <LI><a href="#[27]">Remap_PWM5_Handler</a> from isr_vector.o(.ARM.__at_0x00007DBC) referenced from startup_w7500x.o(RESET)
 <LI><a href="#[28]">Remap_PWM6_Handler</a> from isr_vector.o(.ARM.__at_0x00007DC4) referenced from startup_w7500x.o(RESET)
 <LI><a href="#[29]">Remap_PWM7_Handler</a> from isr_vector.o(.ARM.__at_0x00007DCC) referenced from startup_w7500x.o(RESET)
 <LI><a href="#[12]">Remap_PendSV_Handler</a> from isr_vector.o(.ARM.__at_0x00007D14) referenced from startup_w7500x.o(RESET)
 <LI><a href="#[2a]">Remap_RTC_Handler</a> from isr_vector.o(.ARM.__at_0x00007DD4) referenced from startup_w7500x.o(RESET)
 <LI><a href="#[14]">Remap_SSP0_Handler</a> from isr_vector.o(.ARM.__at_0x00007D24) referenced from startup_w7500x.o(RESET)
 <LI><a href="#[15]">Remap_SSP1_Handler</a> from isr_vector.o(.ARM.__at_0x00007D2C) referenced from startup_w7500x.o(RESET)
 <LI><a href="#[11]">Remap_SVC_Handler</a> from isr_vector.o(.ARM.__at_0x00007D0C) referenced from startup_w7500x.o(RESET)
 <LI><a href="#[13]">Remap_SysTick_Handler</a> from isr_vector.o(.ARM.__at_0x00007D1C) referenced from startup_w7500x.o(RESET)
 <LI><a href="#[16]">Remap_UART0_Handler</a> from isr_vector.o(.ARM.__at_0x00007D34) referenced from startup_w7500x.o(RESET)
 <LI><a href="#[17]">Remap_UART1_Handler</a> from isr_vector.o(.ARM.__at_0x00007D3C) referenced from startup_w7500x.o(RESET)
 <LI><a href="#[18]">Remap_UART2_Handler</a> from isr_vector.o(.ARM.__at_0x00007D44) referenced from startup_w7500x.o(RESET)
 <LI><a href="#[2c]">Remap_WZTOE_Handler</a> from isr_vector.o(.ARM.__at_0x00007DE4) referenced from startup_w7500x.o(RESET)
 <LI><a href="#[e]">Reset_Handler</a> from startup_w7500x.o(.text) referenced from startup_w7500x.o(RESET)
 <LI><a href="#[2e]">SystemInit</a> from system_w7500x.o(.text) referenced from startup_w7500x.o(.text)
 <LI><a href="#[37]">__main</a> from __main.o(!!!main) referenced from startup_w7500x.o(.text)
 <LI><a href="#[30]">_get_lc_ctype</a> from lc_ctype_c.o(locale$$code) referenced from rt_ctype_table.o(.text)
 <LI><a href="#[35]">_printf_input_char</a> from _printf_char_common.o(.text) referenced from _printf_char_common.o(.text)
 <LI><a href="#[34]">_snputc</a> from _snputc.o(.text) referenced from __2snprintf.o(.text)
 <LI><a href="#[33]">_sputc</a> from _sputc.o(.text) referenced from __2sprintf.o(.text)
 <LI><a href="#[b]">default_ip_assign</a> from dhcp.o(.text) referenced 2 times from dhcp.o(.data)
 <LI><a href="#[b]">default_ip_assign</a> from dhcp.o(.text) referenced from dhcp.o(.text)
 <LI><a href="#[d]">default_ip_conflict</a> from dhcp.o(.text) referenced 2 times from dhcp.o(.data)
 <LI><a href="#[d]">default_ip_conflict</a> from dhcp.o(.text) referenced from dhcp.o(.text)
 <LI><a href="#[c]">default_ip_update</a> from dhcp.o(.text) referenced 2 times from dhcp.o(.data)
 <LI><a href="#[c]">default_ip_update</a> from dhcp.o(.text) referenced from dhcp.o(.text)
 <LI><a href="#[36]">fputc</a> from retarget.o(.text) referenced from _printf_char_file.o(.text)
 <LI><a href="#[32]">w7500x_dhcp_assign</a> from dhcp_cb.o(.text) referenced from main.o(.text)
 <LI><a href="#[31]">w7500x_dhcp_conflict</a> from dhcp_cb.o(.text) referenced from main.o(.text)
 <LI><a href="#[9]">wizchip_bus_readbyte</a> from wizchip_conf.o(.text) referenced 2 times from wizchip_conf.o(.data)
 <LI><a href="#[a]">wizchip_bus_writebyte</a> from wizchip_conf.o(.text) referenced 2 times from wizchip_conf.o(.data)
 <LI><a href="#[5]">wizchip_cris_enter</a> from wizchip_conf.o(.text) referenced 2 times from wizchip_conf.o(.data)
 <LI><a href="#[6]">wizchip_cris_exit</a> from wizchip_conf.o(.text) referenced 2 times from wizchip_conf.o(.data)
 <LI><a href="#[8]">wizchip_cs_deselect</a> from wizchip_conf.o(.text) referenced 2 times from wizchip_conf.o(.data)
 <LI><a href="#[7]">wizchip_cs_select</a> from wizchip_conf.o(.text) referenced 2 times from wizchip_conf.o(.data)
</UL>
<P>
<H3>
Global Symbols
</H3>
<P><STRONG><a name="[37]"></a>__main</STRONG> (Thumb, 8 bytes, Stack size 0 bytes, __main.o(!!!main))
<BR><BR>[Calls]<UL><LI><a href="#[38]">&gt;&gt;</a>&nbsp;&nbsp;&nbsp;__scatterload
<LI><a href="#[39]">&gt;&gt;</a>&nbsp;&nbsp;&nbsp;__rt_entry
</UL>

<P><STRONG><a name="[38]"></a>__scatterload</STRONG> (Thumb, 0 bytes, Stack size unknown bytes, __scatter.o(!!!scatter))
<BR><BR>[Called By]<UL><LI><a href="#[37]">&gt;&gt;</a>&nbsp;&nbsp;&nbsp;__main
</UL>

<P><STRONG><a name="[3a]"></a>__scatterload_rt2</STRONG> (Thumb, 52 bytes, Stack size unknown bytes, __scatter.o(!!!scatter), UNUSED)
<BR><BR>[Calls]<UL><LI><a href="#[39]">&gt;&gt;</a>&nbsp;&nbsp;&nbsp;__rt_entry
</UL>

<P><STRONG><a name="[22b]"></a>__scatterload_rt2_thumb_only</STRONG> (Thumb, 0 bytes, Stack size unknown bytes, __scatter.o(!!!scatter), UNUSED)

<P><STRONG><a name="[22c]"></a>__scatterload_null</STRONG> (Thumb, 0 bytes, Stack size unknown bytes, __scatter.o(!!!scatter), UNUSED)

<P><STRONG><a name="[22d]"></a>__scatterload_zeroinit</STRONG> (Thumb, 28 bytes, Stack size unknown bytes, __scatter_zi.o(!!handler_zi), UNUSED)

<P><STRONG><a name="[1b1]"></a>_printf_percent</STRONG> (Thumb, 0 bytes, Stack size unknown bytes, _printf_percent.o(.ARM.Collect$$_printf_percent$$00000000))
<BR><BR>[Called By]<UL><LI><a href="#[1af]">&gt;&gt;</a>&nbsp;&nbsp;&nbsp;__printf
</UL>

<P><STRONG><a name="[3b]"></a>_printf_d</STRONG> (Thumb, 0 bytes, Stack size unknown bytes, _printf_d.o(.ARM.Collect$$_printf_percent$$00000009))
<BR><BR>[Stack]<UL><LI>Max Depth = 88 + Unknown Stack Size
<LI>Call Chain = _printf_d &rArr; _printf_u &rArr; _printf_int_dec &rArr; _printf_int_common &rArr; _printf_post_padding
</UL>
<BR>[Calls]<UL><LI><a href="#[3c]">&gt;&gt;</a>&nbsp;&nbsp;&nbsp;_printf_u
<LI><a href="#[3d]">&gt;&gt;</a>&nbsp;&nbsp;&nbsp;_printf_int_dec
</UL>

<P><STRONG><a name="[3c]"></a>_printf_u</STRONG> (Thumb, 0 bytes, Stack size unknown bytes, _printf_u.o(.ARM.Collect$$_printf_percent$$0000000A))
<BR><BR>[Stack]<UL><LI>Max Depth = 88 + Unknown Stack Size
<LI>Call Chain = _printf_u &rArr; _printf_int_dec &rArr; _printf_int_common &rArr; _printf_post_padding
</UL>
<BR>[Calls]<UL><LI><a href="#[3e]">&gt;&gt;</a>&nbsp;&nbsp;&nbsp;_printf_x
<LI><a href="#[3d]">&gt;&gt;</a>&nbsp;&nbsp;&nbsp;_printf_int_dec
</UL>
<BR>[Called By]<UL><LI><a href="#[3b]">&gt;&gt;</a>&nbsp;&nbsp;&nbsp;_printf_d
</UL>

<P><STRONG><a name="[3e]"></a>_printf_x</STRONG> (Thumb, 0 bytes, Stack size unknown bytes, _printf_x.o(.ARM.Collect$$_printf_percent$$0000000C))
<BR><BR>[Stack]<UL><LI>Max Depth = 72 + Unknown Stack Size
<LI>Call Chain = _printf_x &rArr; _printf_int_hex &rArr; _printf_int_common &rArr; _printf_post_padding
</UL>
<BR>[Calls]<UL><LI><a href="#[3f]">&gt;&gt;</a>&nbsp;&nbsp;&nbsp;_printf_c
<LI><a href="#[40]">&gt;&gt;</a>&nbsp;&nbsp;&nbsp;_printf_int_hex
</UL>
<BR>[Called By]<UL><LI><a href="#[3c]">&gt;&gt;</a>&nbsp;&nbsp;&nbsp;_printf_u
</UL>

<P><STRONG><a name="[3f]"></a>_printf_c</STRONG> (Thumb, 0 bytes, Stack size unknown bytes, _printf_c.o(.ARM.Collect$$_printf_percent$$00000013))
<BR><BR>[Stack]<UL><LI>Max Depth = 40 + Unknown Stack Size
<LI>Call Chain = _printf_c &rArr; _printf_s &rArr; _printf_string &rArr; _printf_cs_common &rArr; _printf_str &rArr; _printf_post_padding
</UL>
<BR>[Calls]<UL><LI><a href="#[41]">&gt;&gt;</a>&nbsp;&nbsp;&nbsp;_printf_s
<LI><a href="#[42]">&gt;&gt;</a>&nbsp;&nbsp;&nbsp;_printf_char
</UL>
<BR>[Called By]<UL><LI><a href="#[3e]">&gt;&gt;</a>&nbsp;&nbsp;&nbsp;_printf_x
</UL>

<P><STRONG><a name="[41]"></a>_printf_s</STRONG> (Thumb, 0 bytes, Stack size unknown bytes, _printf_s.o(.ARM.Collect$$_printf_percent$$00000014))
<BR><BR>[Stack]<UL><LI>Max Depth = 40 + Unknown Stack Size
<LI>Call Chain = _printf_s &rArr; _printf_string &rArr; _printf_cs_common &rArr; _printf_str &rArr; _printf_post_padding
</UL>
<BR>[Calls]<UL><LI><a href="#[43]">&gt;&gt;</a>&nbsp;&nbsp;&nbsp;_printf_percent_end
<LI><a href="#[44]">&gt;&gt;</a>&nbsp;&nbsp;&nbsp;_printf_string
</UL>
<BR>[Called By]<UL><LI><a href="#[3f]">&gt;&gt;</a>&nbsp;&nbsp;&nbsp;_printf_c
</UL>

<P><STRONG><a name="[43]"></a>_printf_percent_end</STRONG> (Thumb, 0 bytes, Stack size unknown bytes, _printf_percent_end.o(.ARM.Collect$$_printf_percent$$00000017))
<BR><BR>[Called By]<UL><LI><a href="#[41]">&gt;&gt;</a>&nbsp;&nbsp;&nbsp;_printf_s
</UL>

<P><STRONG><a name="[4d]"></a>__rt_lib_init</STRONG> (Thumb, 0 bytes, Stack size unknown bytes, libinit.o(.ARM.Collect$$libinit$$00000000))
<BR><BR>[Called By]<UL><LI><a href="#[4c]">&gt;&gt;</a>&nbsp;&nbsp;&nbsp;__rt_entry_li
</UL>

<P><STRONG><a name="[22e]"></a>__rt_lib_init_fp_1</STRONG> (Thumb, 0 bytes, Stack size unknown bytes, libinit2.o(.ARM.Collect$$libinit$$00000002))

<P><STRONG><a name="[22f]"></a>__rt_lib_init_heap_1</STRONG> (Thumb, 0 bytes, Stack size unknown bytes, libinit2.o(.ARM.Collect$$libinit$$0000000A))

<P><STRONG><a name="[230]"></a>__rt_lib_init_preinit_1</STRONG> (Thumb, 0 bytes, Stack size unknown bytes, libinit2.o(.ARM.Collect$$libinit$$00000004))

<P><STRONG><a name="[45]"></a>__rt_lib_init_rand_2</STRONG> (Thumb, 0 bytes, Stack size unknown bytes, libinit2.o(.ARM.Collect$$libinit$$0000000D))
<BR><BR>[Stack]<UL><LI>Max Depth = 12 + Unknown Stack Size
<LI>Call Chain = __rt_lib_init_rand_2 &rArr; _rand_init &rArr; srand
</UL>
<BR>[Calls]<UL><LI><a href="#[46]">&gt;&gt;</a>&nbsp;&nbsp;&nbsp;_rand_init
</UL>

<P><STRONG><a name="[231]"></a>__rt_lib_init_user_alloc_1</STRONG> (Thumb, 0 bytes, Stack size unknown bytes, libinit2.o(.ARM.Collect$$libinit$$0000000C))

<P><STRONG><a name="[47]"></a>__rt_lib_init_lc_common</STRONG> (Thumb, 0 bytes, Stack size unknown bytes, libinit2.o(.ARM.Collect$$libinit$$0000000F))
<BR><BR>[Calls]<UL><LI><a href="#[48]">&gt;&gt;</a>&nbsp;&nbsp;&nbsp;__rt_locale
</UL>

<P><STRONG><a name="[232]"></a>__rt_lib_init_rand_1</STRONG> (Thumb, 0 bytes, Stack size unknown bytes, libinit2.o(.ARM.Collect$$libinit$$0000000E))

<P><STRONG><a name="[233]"></a>__rt_lib_init_lc_collate_1</STRONG> (Thumb, 0 bytes, Stack size unknown bytes, libinit2.o(.ARM.Collect$$libinit$$00000011))

<P><STRONG><a name="[49]"></a>__rt_lib_init_lc_ctype_2</STRONG> (Thumb, 0 bytes, Stack size unknown bytes, libinit2.o(.ARM.Collect$$libinit$$00000012))
<BR><BR>[Stack]<UL><LI>Max Depth = 24 + Unknown Stack Size
<LI>Call Chain = __rt_lib_init_lc_ctype_2 &rArr; _get_lc_ctype &rArr; strcmp
</UL>
<BR>[Calls]<UL><LI><a href="#[30]">&gt;&gt;</a>&nbsp;&nbsp;&nbsp;_get_lc_ctype
</UL>

<P><STRONG><a name="[234]"></a>__rt_lib_init_alloca_1</STRONG> (Thumb, 0 bytes, Stack size unknown bytes, libinit2.o(.ARM.Collect$$libinit$$0000002E))

<P><STRONG><a name="[235]"></a>__rt_lib_init_argv_1</STRONG> (Thumb, 0 bytes, Stack size unknown bytes, libinit2.o(.ARM.Collect$$libinit$$0000002C))

<P><STRONG><a name="[236]"></a>__rt_lib_init_atexit_1</STRONG> (Thumb, 0 bytes, Stack size unknown bytes, libinit2.o(.ARM.Collect$$libinit$$0000001B))

<P><STRONG><a name="[237]"></a>__rt_lib_init_clock_1</STRONG> (Thumb, 0 bytes, Stack size unknown bytes, libinit2.o(.ARM.Collect$$libinit$$00000021))

<P><STRONG><a name="[238]"></a>__rt_lib_init_cpp_1</STRONG> (Thumb, 0 bytes, Stack size unknown bytes, libinit2.o(.ARM.Collect$$libinit$$00000032))

<P><STRONG><a name="[239]"></a>__rt_lib_init_exceptions_1</STRONG> (Thumb, 0 bytes, Stack size unknown bytes, libinit2.o(.ARM.Collect$$libinit$$00000030))

<P><STRONG><a name="[23a]"></a>__rt_lib_init_fp_trap_1</STRONG> (Thumb, 0 bytes, Stack size unknown bytes, libinit2.o(.ARM.Collect$$libinit$$0000001F))

<P><STRONG><a name="[23b]"></a>__rt_lib_init_getenv_1</STRONG> (Thumb, 0 bytes, Stack size unknown bytes, libinit2.o(.ARM.Collect$$libinit$$00000023))

<P><STRONG><a name="[23c]"></a>__rt_lib_init_lc_ctype_1</STRONG> (Thumb, 0 bytes, Stack size unknown bytes, libinit2.o(.ARM.Collect$$libinit$$00000013))

<P><STRONG><a name="[23d]"></a>__rt_lib_init_lc_monetary_1</STRONG> (Thumb, 0 bytes, Stack size unknown bytes, libinit2.o(.ARM.Collect$$libinit$$00000015))

<P><STRONG><a name="[23e]"></a>__rt_lib_init_lc_numeric_1</STRONG> (Thumb, 0 bytes, Stack size unknown bytes, libinit2.o(.ARM.Collect$$libinit$$00000017))

<P><STRONG><a name="[23f]"></a>__rt_lib_init_lc_time_1</STRONG> (Thumb, 0 bytes, Stack size unknown bytes, libinit2.o(.ARM.Collect$$libinit$$00000019))

<P><STRONG><a name="[240]"></a>__rt_lib_init_return</STRONG> (Thumb, 0 bytes, Stack size unknown bytes, libinit2.o(.ARM.Collect$$libinit$$00000033))

<P><STRONG><a name="[241]"></a>__rt_lib_init_signal_1</STRONG> (Thumb, 0 bytes, Stack size unknown bytes, libinit2.o(.ARM.Collect$$libinit$$0000001D))

<P><STRONG><a name="[242]"></a>__rt_lib_init_stdio_1</STRONG> (Thumb, 0 bytes, Stack size unknown bytes, libinit2.o(.ARM.Collect$$libinit$$00000025))

<P><STRONG><a name="[52]"></a>__rt_lib_shutdown</STRONG> (Thumb, 0 bytes, Stack size unknown bytes, libshutdown.o(.ARM.Collect$$libshutdown$$00000000))
<BR><BR>[Called By]<UL><LI><a href="#[51]">&gt;&gt;</a>&nbsp;&nbsp;&nbsp;__rt_exit_ls
</UL>

<P><STRONG><a name="[243]"></a>__rt_lib_shutdown_cpp_1</STRONG> (Thumb, 0 bytes, Stack size unknown bytes, libshutdown2.o(.ARM.Collect$$libshutdown$$00000002))

<P><STRONG><a name="[244]"></a>__rt_lib_shutdown_fp_trap_1</STRONG> (Thumb, 0 bytes, Stack size unknown bytes, libshutdown2.o(.ARM.Collect$$libshutdown$$00000007))

<P><STRONG><a name="[245]"></a>__rt_lib_shutdown_heap_1</STRONG> (Thumb, 0 bytes, Stack size unknown bytes, libshutdown2.o(.ARM.Collect$$libshutdown$$0000000F))

<P><STRONG><a name="[246]"></a>__rt_lib_shutdown_return</STRONG> (Thumb, 0 bytes, Stack size unknown bytes, libshutdown2.o(.ARM.Collect$$libshutdown$$00000010))

<P><STRONG><a name="[247]"></a>__rt_lib_shutdown_signal_1</STRONG> (Thumb, 0 bytes, Stack size unknown bytes, libshutdown2.o(.ARM.Collect$$libshutdown$$0000000A))

<P><STRONG><a name="[248]"></a>__rt_lib_shutdown_stdio_1</STRONG> (Thumb, 0 bytes, Stack size unknown bytes, libshutdown2.o(.ARM.Collect$$libshutdown$$00000004))

<P><STRONG><a name="[249]"></a>__rt_lib_shutdown_user_alloc_1</STRONG> (Thumb, 0 bytes, Stack size unknown bytes, libshutdown2.o(.ARM.Collect$$libshutdown$$0000000C))

<P><STRONG><a name="[39]"></a>__rt_entry</STRONG> (Thumb, 0 bytes, Stack size unknown bytes, __rtentry.o(.ARM.Collect$$rtentry$$00000000))
<BR><BR>[Called By]<UL><LI><a href="#[37]">&gt;&gt;</a>&nbsp;&nbsp;&nbsp;__main
<LI><a href="#[3a]">&gt;&gt;</a>&nbsp;&nbsp;&nbsp;__scatterload_rt2
</UL>

<P><STRONG><a name="[24a]"></a>__rt_entry_presh_1</STRONG> (Thumb, 0 bytes, Stack size unknown bytes, __rtentry2.o(.ARM.Collect$$rtentry$$00000002))

<P><STRONG><a name="[4a]"></a>__rt_entry_sh</STRONG> (Thumb, 0 bytes, Stack size unknown bytes, __rtentry4.o(.ARM.Collect$$rtentry$$00000004))
<BR><BR>[Stack]<UL><LI>Max Depth = 8 + Unknown Stack Size
<LI>Call Chain = __rt_entry_sh &rArr; __user_setup_stackheap
</UL>
<BR>[Calls]<UL><LI><a href="#[4b]">&gt;&gt;</a>&nbsp;&nbsp;&nbsp;__user_setup_stackheap
</UL>

<P><STRONG><a name="[4c]"></a>__rt_entry_li</STRONG> (Thumb, 0 bytes, Stack size unknown bytes, __rtentry2.o(.ARM.Collect$$rtentry$$0000000A))
<BR><BR>[Calls]<UL><LI><a href="#[4d]">&gt;&gt;</a>&nbsp;&nbsp;&nbsp;__rt_lib_init
</UL>

<P><STRONG><a name="[24b]"></a>__rt_entry_postsh_1</STRONG> (Thumb, 0 bytes, Stack size unknown bytes, __rtentry2.o(.ARM.Collect$$rtentry$$00000009))

<P><STRONG><a name="[4e]"></a>__rt_entry_main</STRONG> (Thumb, 0 bytes, Stack size unknown bytes, __rtentry2.o(.ARM.Collect$$rtentry$$0000000D))
<BR><BR>[Stack]<UL><LI>Max Depth = 720 + Unknown Stack Size
<LI>Call Chain = __rt_entry_main &rArr; main &rArr; Config_Module_Btn_Process &rArr; process_dhcp &rArr; do_segcp &rArr; device_appboot_update &rArr; Copy_Interrupt_VectorTable &rArr; DO_IAP
</UL>
<BR>[Calls]<UL><LI><a href="#[4f]">&gt;&gt;</a>&nbsp;&nbsp;&nbsp;main
<LI><a href="#[50]">&gt;&gt;</a>&nbsp;&nbsp;&nbsp;exit
</UL>

<P><STRONG><a name="[24c]"></a>__rt_entry_postli_1</STRONG> (Thumb, 0 bytes, Stack size unknown bytes, __rtentry2.o(.ARM.Collect$$rtentry$$0000000C))

<P><STRONG><a name="[1cb]"></a>__rt_exit</STRONG> (Thumb, 0 bytes, Stack size unknown bytes, rtexit.o(.ARM.Collect$$rtexit$$00000000))
<BR><BR>[Called By]<UL><LI><a href="#[50]">&gt;&gt;</a>&nbsp;&nbsp;&nbsp;exit
</UL>

<P><STRONG><a name="[51]"></a>__rt_exit_ls</STRONG> (Thumb, 0 bytes, Stack size unknown bytes, rtexit2.o(.ARM.Collect$$rtexit$$00000003))
<BR><BR>[Calls]<UL><LI><a href="#[52]">&gt;&gt;</a>&nbsp;&nbsp;&nbsp;__rt_lib_shutdown
</UL>

<P><STRONG><a name="[24d]"></a>__rt_exit_prels_1</STRONG> (Thumb, 0 bytes, Stack size unknown bytes, rtexit2.o(.ARM.Collect$$rtexit$$00000002))

<P><STRONG><a name="[53]"></a>__rt_exit_exit</STRONG> (Thumb, 0 bytes, Stack size unknown bytes, rtexit2.o(.ARM.Collect$$rtexit$$00000004))
<BR><BR>[Calls]<UL><LI><a href="#[54]">&gt;&gt;</a>&nbsp;&nbsp;&nbsp;_sys_exit
</UL>

<P><STRONG><a name="[127]"></a>rand</STRONG> (Thumb, 52 bytes, Stack size 0 bytes, rand.o(.emb_text))
<BR><BR>[Called By]<UL><LI><a href="#[124]">&gt;&gt;</a>&nbsp;&nbsp;&nbsp;get_tcp_any_port
</UL>

<P><STRONG><a name="[f2]"></a>__aeabi_memcpy4</STRONG> (Thumb, 56 bytes, Stack size 0 bytes, rt_memcpy.o(.emb_text))
<BR><BR>[Called By]<UL><LI><a href="#[ff]">&gt;&gt;</a>&nbsp;&nbsp;&nbsp;Config_Module_Btn_Process
<LI><a href="#[f1]">&gt;&gt;</a>&nbsp;&nbsp;&nbsp;display_Dev_Info_main
<LI><a href="#[17f]">&gt;&gt;</a>&nbsp;&nbsp;&nbsp;serial_info_init
<LI><a href="#[100]">&gt;&gt;</a>&nbsp;&nbsp;&nbsp;SSD1306_PRINT_DATA_PROCESS
<LI><a href="#[116]">&gt;&gt;</a>&nbsp;&nbsp;&nbsp;__aeabi_memcpy
</UL>

<P><STRONG><a name="[24e]"></a>__aeabi_memcpy8</STRONG> (Thumb, 0 bytes, Stack size 0 bytes, rt_memcpy.o(.emb_text), UNUSED)

<P><STRONG><a name="[e]"></a>Reset_Handler</STRONG> (Thumb, 8 bytes, Stack size 0 bytes, startup_w7500x.o(.text))
<BR>[Address Reference Count : 1]<UL><LI> startup_w7500x.o(RESET)
</UL>
<P><STRONG><a name="[10]"></a>Remap_HardFault_Handler</STRONG> (Thumb, 2 bytes, Stack size 0 bytes, startup_w7500x.o(.text))
<BR><BR>[Calls]<UL><LI><a href="#[10]">&gt;&gt;</a>&nbsp;&nbsp;&nbsp;Remap_HardFault_Handler
</UL>
<BR>[Called By]<UL><LI><a href="#[10]">&gt;&gt;</a>&nbsp;&nbsp;&nbsp;Remap_HardFault_Handler
</UL>
<BR>[Address Reference Count : 1]<UL><LI> startup_w7500x.o(RESET)
</UL>
<P><STRONG><a name="[1c9]"></a>__user_initial_stackheap</STRONG> (Thumb, 10 bytes, Stack size 0 bytes, startup_w7500x.o(.text))
<BR><BR>[Called By]<UL><LI><a href="#[4b]">&gt;&gt;</a>&nbsp;&nbsp;&nbsp;__user_setup_stackheap
</UL>

<P><STRONG><a name="[62]"></a>GetSystemClock</STRONG> (Thumb, 6 bytes, Stack size 0 bytes, system_w7500x.o(.text))
<BR><BR>[Called By]<UL><LI><a href="#[6b]">&gt;&gt;</a>&nbsp;&nbsp;&nbsp;S_UART_SetBaud
<LI><a href="#[60]">&gt;&gt;</a>&nbsp;&nbsp;&nbsp;UART_Init
<LI><a href="#[4f]">&gt;&gt;</a>&nbsp;&nbsp;&nbsp;main
<LI><a href="#[f6]">&gt;&gt;</a>&nbsp;&nbsp;&nbsp;W7500x_Init
<LI><a href="#[16a]">&gt;&gt;</a>&nbsp;&nbsp;&nbsp;flash_update_end
<LI><a href="#[168]">&gt;&gt;</a>&nbsp;&nbsp;&nbsp;flash_update_start
<LI><a href="#[141]">&gt;&gt;</a>&nbsp;&nbsp;&nbsp;flash_update_start
<LI><a href="#[13f]">&gt;&gt;</a>&nbsp;&nbsp;&nbsp;flash_update_end
<LI><a href="#[104]">&gt;&gt;</a>&nbsp;&nbsp;&nbsp;Timer_Configuration
</UL>

<P><STRONG><a name="[6c]"></a>GetSourceClock</STRONG> (Thumb, 6 bytes, Stack size 0 bytes, system_w7500x.o(.text))
<BR><BR>[Called By]<UL><LI><a href="#[6b]">&gt;&gt;</a>&nbsp;&nbsp;&nbsp;S_UART_SetBaud
</UL>

<P><STRONG><a name="[61]"></a>GetPLLSource</STRONG> (Thumb, 6 bytes, Stack size 0 bytes, system_w7500x.o(.text))
<BR><BR>[Called By]<UL><LI><a href="#[60]">&gt;&gt;</a>&nbsp;&nbsp;&nbsp;UART_Init
</UL>

<P><STRONG><a name="[2e]"></a>SystemInit</STRONG> (Thumb, 68 bytes, Stack size 8 bytes, system_w7500x.o(.text))
<BR><BR>[Stack]<UL><LI>Max Depth = 8<LI>Call Chain = SystemInit
</UL>
<BR>[Calls]<UL><LI><a href="#[55]">&gt;&gt;</a>&nbsp;&nbsp;&nbsp;__aeabi_uidivmod
</UL>
<BR>[Address Reference Count : 1]<UL><LI> startup_w7500x.o(.text)
</UL>
<P><STRONG><a name="[56]"></a>SystemCoreClockUpdate_User</STRONG> (Thumb, 114 bytes, Stack size 24 bytes, system_w7500x.o(.text))
<BR><BR>[Stack]<UL><LI>Max Depth = 24<LI>Call Chain = SystemCoreClockUpdate_User
</UL>
<BR>[Calls]<UL><LI><a href="#[55]">&gt;&gt;</a>&nbsp;&nbsp;&nbsp;__aeabi_uidivmod
</UL>
<BR>[Called By]<UL><LI><a href="#[57]">&gt;&gt;</a>&nbsp;&nbsp;&nbsp;SystemInit_User
<LI><a href="#[16a]">&gt;&gt;</a>&nbsp;&nbsp;&nbsp;flash_update_end
<LI><a href="#[168]">&gt;&gt;</a>&nbsp;&nbsp;&nbsp;flash_update_start
<LI><a href="#[141]">&gt;&gt;</a>&nbsp;&nbsp;&nbsp;flash_update_start
<LI><a href="#[13f]">&gt;&gt;</a>&nbsp;&nbsp;&nbsp;flash_update_end
</UL>

<P><STRONG><a name="[57]"></a>SystemInit_User</STRONG> (Thumb, 20 bytes, Stack size 8 bytes, system_w7500x.o(.text))
<BR><BR>[Stack]<UL><LI>Max Depth = 32<LI>Call Chain = SystemInit_User &rArr; SystemCoreClockUpdate_User
</UL>
<BR>[Calls]<UL><LI><a href="#[56]">&gt;&gt;</a>&nbsp;&nbsp;&nbsp;SystemCoreClockUpdate_User
</UL>
<BR>[Called By]<UL><LI><a href="#[f6]">&gt;&gt;</a>&nbsp;&nbsp;&nbsp;W7500x_Init
</UL>

<P><STRONG><a name="[59]"></a>ADC_PowerDownEnable</STRONG> (Thumb, 18 bytes, Stack size 0 bytes, w7500x_adc.o(.text))
<BR><BR>[Called By]<UL><LI><a href="#[58]">&gt;&gt;</a>&nbsp;&nbsp;&nbsp;ADC_Init
</UL>

<P><STRONG><a name="[191]"></a>ADC_ChannelSelect</STRONG> (Thumb, 8 bytes, Stack size 0 bytes, w7500x_adc.o(.text))
<BR><BR>[Called By]<UL><LI><a href="#[190]">&gt;&gt;</a>&nbsp;&nbsp;&nbsp;read_ADC
</UL>

<P><STRONG><a name="[192]"></a>ADC_Start</STRONG> (Thumb, 10 bytes, Stack size 0 bytes, w7500x_adc.o(.text))
<BR><BR>[Called By]<UL><LI><a href="#[190]">&gt;&gt;</a>&nbsp;&nbsp;&nbsp;read_ADC
</UL>

<P><STRONG><a name="[194]"></a>ADC_ReadData</STRONG> (Thumb, 10 bytes, Stack size 0 bytes, w7500x_adc.o(.text))
<BR><BR>[Called By]<UL><LI><a href="#[190]">&gt;&gt;</a>&nbsp;&nbsp;&nbsp;read_ADC
</UL>

<P><STRONG><a name="[193]"></a>ADC_IsEOC</STRONG> (Thumb, 16 bytes, Stack size 0 bytes, w7500x_adc.o(.text))
<BR><BR>[Called By]<UL><LI><a href="#[190]">&gt;&gt;</a>&nbsp;&nbsp;&nbsp;read_ADC
</UL>

<P><STRONG><a name="[58]"></a>ADC_Init</STRONG> (Thumb, 4 bytes, Stack size 0 bytes, w7500x_adc.o(.text))
<BR><BR>[Calls]<UL><LI><a href="#[59]">&gt;&gt;</a>&nbsp;&nbsp;&nbsp;ADC_PowerDownEnable
</UL>
<BR>[Called By]<UL><LI><a href="#[155]">&gt;&gt;</a>&nbsp;&nbsp;&nbsp;init_user_io
</UL>

<P><STRONG><a name="[16c]"></a>DUALTIMER_ClockEnable</STRONG> (Thumb, 48 bytes, Stack size 0 bytes, w7500x_dualtimer.o(.text))
<BR><BR>[Called By]<UL><LI><a href="#[104]">&gt;&gt;</a>&nbsp;&nbsp;&nbsp;Timer_Configuration
</UL>

<P><STRONG><a name="[16d]"></a>DUALTIMER_Init</STRONG> (Thumb, 44 bytes, Stack size 0 bytes, w7500x_dualtimer.o(.text))
<BR><BR>[Called By]<UL><LI><a href="#[104]">&gt;&gt;</a>&nbsp;&nbsp;&nbsp;Timer_Configuration
</UL>

<P><STRONG><a name="[16e]"></a>DUALTIMER_IntConfig</STRONG> (Thumb, 18 bytes, Stack size 0 bytes, w7500x_dualtimer.o(.text))
<BR><BR>[Called By]<UL><LI><a href="#[104]">&gt;&gt;</a>&nbsp;&nbsp;&nbsp;Timer_Configuration
</UL>

<P><STRONG><a name="[171]"></a>DUALTIMER_IntClear</STRONG> (Thumb, 6 bytes, Stack size 0 bytes, w7500x_dualtimer.o(.text))
<BR><BR>[Called By]<UL><LI><a href="#[e3]">&gt;&gt;</a>&nbsp;&nbsp;&nbsp;Timer_IRQ_Handler
</UL>

<P><STRONG><a name="[170]"></a>DUALTIMER_GetIntStatus</STRONG> (Thumb, 6 bytes, Stack size 0 bytes, w7500x_dualtimer.o(.text))
<BR><BR>[Called By]<UL><LI><a href="#[e3]">&gt;&gt;</a>&nbsp;&nbsp;&nbsp;Timer_IRQ_Handler
</UL>

<P><STRONG><a name="[16f]"></a>DUALTIMER_Start</STRONG> (Thumb, 10 bytes, Stack size 0 bytes, w7500x_dualtimer.o(.text))
<BR><BR>[Called By]<UL><LI><a href="#[104]">&gt;&gt;</a>&nbsp;&nbsp;&nbsp;Timer_Configuration
</UL>

<P><STRONG><a name="[5c]"></a>GPIO_Init</STRONG> (Thumb, 194 bytes, Stack size 20 bytes, w7500x_gpio.o(.text))
<BR><BR>[Stack]<UL><LI>Max Depth = 20<LI>Call Chain = GPIO_Init
</UL>
<BR>[Called By]<UL><LI><a href="#[5e]">&gt;&gt;</a>&nbsp;&nbsp;&nbsp;GPIO_INT_Configuration
<LI><a href="#[5a]">&gt;&gt;</a>&nbsp;&nbsp;&nbsp;GPIO_Configuration
<LI><a href="#[86]">&gt;&gt;</a>&nbsp;&nbsp;&nbsp;mdio_init
<LI><a href="#[74]">&gt;&gt;</a>&nbsp;&nbsp;&nbsp;I2C_Init
<LI><a href="#[106]">&gt;&gt;</a>&nbsp;&nbsp;&nbsp;LED_Init
</UL>

<P><STRONG><a name="[5b]"></a>GPIO_StructInit</STRONG> (Thumb, 14 bytes, Stack size 0 bytes, w7500x_gpio.o(.text))
<BR><BR>[Called By]<UL><LI><a href="#[5e]">&gt;&gt;</a>&nbsp;&nbsp;&nbsp;GPIO_INT_Configuration
<LI><a href="#[5a]">&gt;&gt;</a>&nbsp;&nbsp;&nbsp;GPIO_Configuration
<LI><a href="#[86]">&gt;&gt;</a>&nbsp;&nbsp;&nbsp;mdio_init
</UL>

<P><STRONG><a name="[81]"></a>GPIO_ReadInputDataBit</STRONG> (Thumb, 14 bytes, Stack size 0 bytes, w7500x_gpio.o(.text))
<BR><BR>[Called By]<UL><LI><a href="#[97]">&gt;&gt;</a>&nbsp;&nbsp;&nbsp;PORT2_Handler
<LI><a href="#[96]">&gt;&gt;</a>&nbsp;&nbsp;&nbsp;PORT1_Handler
<LI><a href="#[95]">&gt;&gt;</a>&nbsp;&nbsp;&nbsp;PORT0_Handler
<LI><a href="#[80]">&gt;&gt;</a>&nbsp;&nbsp;&nbsp;input_MDIO
<LI><a href="#[17d]">&gt;&gt;</a>&nbsp;&nbsp;&nbsp;get_uart_rs485_sel
<LI><a href="#[147]">&gt;&gt;</a>&nbsp;&nbsp;&nbsp;get_user_io_val
<LI><a href="#[148]">&gt;&gt;</a>&nbsp;&nbsp;&nbsp;get_connection_status_io
<LI><a href="#[119]">&gt;&gt;</a>&nbsp;&nbsp;&nbsp;get_uart_cts_pin
<LI><a href="#[11b]">&gt;&gt;</a>&nbsp;&nbsp;&nbsp;get_flowcontrol_dsr_pin
<LI><a href="#[10c]">&gt;&gt;</a>&nbsp;&nbsp;&nbsp;get_phylink_in_pin
<LI><a href="#[109]">&gt;&gt;</a>&nbsp;&nbsp;&nbsp;get_hw_trig_pin
</UL>

<P><STRONG><a name="[195]"></a>GPIO_ReadOutputDataBit</STRONG> (Thumb, 14 bytes, Stack size 0 bytes, w7500x_gpio.o(.text))
<BR><BR>[Called By]<UL><LI><a href="#[147]">&gt;&gt;</a>&nbsp;&nbsp;&nbsp;get_user_io_val
<LI><a href="#[148]">&gt;&gt;</a>&nbsp;&nbsp;&nbsp;get_connection_status_io
</UL>

<P><STRONG><a name="[75]"></a>GPIO_SetBits</STRONG> (Thumb, 28 bytes, Stack size 0 bytes, w7500x_gpio.o(.text))
<BR><BR>[Called By]<UL><LI><a href="#[83]">&gt;&gt;</a>&nbsp;&nbsp;&nbsp;output_MDIO
<LI><a href="#[82]">&gt;&gt;</a>&nbsp;&nbsp;&nbsp;turnaround_MDIO
<LI><a href="#[80]">&gt;&gt;</a>&nbsp;&nbsp;&nbsp;input_MDIO
<LI><a href="#[7e]">&gt;&gt;</a>&nbsp;&nbsp;&nbsp;idle_MDIO
<LI><a href="#[78]">&gt;&gt;</a>&nbsp;&nbsp;&nbsp;I2C_WriteBitSCL
<LI><a href="#[74]">&gt;&gt;</a>&nbsp;&nbsp;&nbsp;I2C_Init
<LI><a href="#[18f]">&gt;&gt;</a>&nbsp;&nbsp;&nbsp;init_phylink_status_pin
<LI><a href="#[18d]">&gt;&gt;</a>&nbsp;&nbsp;&nbsp;init_tcpconnection_status_pin
<LI><a href="#[18b]">&gt;&gt;</a>&nbsp;&nbsp;&nbsp;init_status_pin
<LI><a href="#[181]">&gt;&gt;</a>&nbsp;&nbsp;&nbsp;set_uart_rts_pin_high
<LI><a href="#[17d]">&gt;&gt;</a>&nbsp;&nbsp;&nbsp;get_uart_rs485_sel
<LI><a href="#[17c]">&gt;&gt;</a>&nbsp;&nbsp;&nbsp;uart_rs485_rs422_init
<LI><a href="#[152]">&gt;&gt;</a>&nbsp;&nbsp;&nbsp;set_user_io_val
<LI><a href="#[157]">&gt;&gt;</a>&nbsp;&nbsp;&nbsp;set_flowcontrol_dtr_pin
<LI><a href="#[155]">&gt;&gt;</a>&nbsp;&nbsp;&nbsp;init_user_io
<LI><a href="#[11c]">&gt;&gt;</a>&nbsp;&nbsp;&nbsp;uart_rs485_enable
<LI><a href="#[11e]">&gt;&gt;</a>&nbsp;&nbsp;&nbsp;uart_rs485_disable
<LI><a href="#[10f]">&gt;&gt;</a>&nbsp;&nbsp;&nbsp;set_connection_status_io
<LI><a href="#[10e]">&gt;&gt;</a>&nbsp;&nbsp;&nbsp;LED_Off
<LI><a href="#[106]">&gt;&gt;</a>&nbsp;&nbsp;&nbsp;LED_Init
</UL>

<P><STRONG><a name="[77]"></a>GPIO_ResetBits</STRONG> (Thumb, 32 bytes, Stack size 8 bytes, w7500x_gpio.o(.text))
<BR><BR>[Stack]<UL><LI>Max Depth = 8<LI>Call Chain = GPIO_ResetBits
</UL>
<BR>[Called By]<UL><LI><a href="#[83]">&gt;&gt;</a>&nbsp;&nbsp;&nbsp;output_MDIO
<LI><a href="#[82]">&gt;&gt;</a>&nbsp;&nbsp;&nbsp;turnaround_MDIO
<LI><a href="#[80]">&gt;&gt;</a>&nbsp;&nbsp;&nbsp;input_MDIO
<LI><a href="#[7e]">&gt;&gt;</a>&nbsp;&nbsp;&nbsp;idle_MDIO
<LI><a href="#[78]">&gt;&gt;</a>&nbsp;&nbsp;&nbsp;I2C_WriteBitSCL
<LI><a href="#[74]">&gt;&gt;</a>&nbsp;&nbsp;&nbsp;I2C_Init
<LI><a href="#[18e]">&gt;&gt;</a>&nbsp;&nbsp;&nbsp;init_flowcontrol_dtr_pin
<LI><a href="#[17e]">&gt;&gt;</a>&nbsp;&nbsp;&nbsp;set_uart_rts_pin_low
<LI><a href="#[17c]">&gt;&gt;</a>&nbsp;&nbsp;&nbsp;uart_rs485_rs422_init
<LI><a href="#[152]">&gt;&gt;</a>&nbsp;&nbsp;&nbsp;set_user_io_val
<LI><a href="#[157]">&gt;&gt;</a>&nbsp;&nbsp;&nbsp;set_flowcontrol_dtr_pin
<LI><a href="#[155]">&gt;&gt;</a>&nbsp;&nbsp;&nbsp;init_user_io
<LI><a href="#[11c]">&gt;&gt;</a>&nbsp;&nbsp;&nbsp;uart_rs485_enable
<LI><a href="#[11e]">&gt;&gt;</a>&nbsp;&nbsp;&nbsp;uart_rs485_disable
<LI><a href="#[10f]">&gt;&gt;</a>&nbsp;&nbsp;&nbsp;set_connection_status_io
<LI><a href="#[10d]">&gt;&gt;</a>&nbsp;&nbsp;&nbsp;LED_On
</UL>

<P><STRONG><a name="[5f]"></a>GPIO_INT_Polarity_Bits</STRONG> (Thumb, 20 bytes, Stack size 0 bytes, w7500x_gpio.o(.text))
<BR><BR>[Called By]<UL><LI><a href="#[5e]">&gt;&gt;</a>&nbsp;&nbsp;&nbsp;GPIO_INT_Configuration
</UL>

<P><STRONG><a name="[e2]"></a>GPIO_INT_Clear</STRONG> (Thumb, 6 bytes, Stack size 0 bytes, w7500x_gpio.o(.text))
<BR><BR>[Called By]<UL><LI><a href="#[97]">&gt;&gt;</a>&nbsp;&nbsp;&nbsp;PORT2_Handler
<LI><a href="#[96]">&gt;&gt;</a>&nbsp;&nbsp;&nbsp;PORT1_Handler
<LI><a href="#[95]">&gt;&gt;</a>&nbsp;&nbsp;&nbsp;PORT0_Handler
</UL>

<P><STRONG><a name="[5d]"></a>PAD_AFConfig</STRONG> (Thumb, 80 bytes, Stack size 20 bytes, w7500x_gpio.o(.text))
<BR><BR>[Stack]<UL><LI>Max Depth = 20<LI>Call Chain = PAD_AFConfig
</UL>
<BR>[Called By]<UL><LI><a href="#[5e]">&gt;&gt;</a>&nbsp;&nbsp;&nbsp;GPIO_INT_Configuration
<LI><a href="#[5a]">&gt;&gt;</a>&nbsp;&nbsp;&nbsp;GPIO_Configuration
<LI><a href="#[86]">&gt;&gt;</a>&nbsp;&nbsp;&nbsp;mdio_init
<LI><a href="#[74]">&gt;&gt;</a>&nbsp;&nbsp;&nbsp;I2C_Init
<LI><a href="#[106]">&gt;&gt;</a>&nbsp;&nbsp;&nbsp;LED_Init
</UL>

<P><STRONG><a name="[5a]"></a>GPIO_Configuration</STRONG> (Thumb, 64 bytes, Stack size 24 bytes, w7500x_gpio.o(.text))
<BR><BR>[Stack]<UL><LI>Max Depth = 44<LI>Call Chain = GPIO_Configuration &rArr; PAD_AFConfig
</UL>
<BR>[Calls]<UL><LI><a href="#[5d]">&gt;&gt;</a>&nbsp;&nbsp;&nbsp;PAD_AFConfig
<LI><a href="#[5b]">&gt;&gt;</a>&nbsp;&nbsp;&nbsp;GPIO_StructInit
<LI><a href="#[5c]">&gt;&gt;</a>&nbsp;&nbsp;&nbsp;GPIO_Init
</UL>
<BR>[Called By]<UL><LI><a href="#[f0]">&gt;&gt;</a>&nbsp;&nbsp;&nbsp;GPIO_InitializeInterrupt
<LI><a href="#[18f]">&gt;&gt;</a>&nbsp;&nbsp;&nbsp;init_phylink_status_pin
<LI><a href="#[18e]">&gt;&gt;</a>&nbsp;&nbsp;&nbsp;init_flowcontrol_dtr_pin
<LI><a href="#[18d]">&gt;&gt;</a>&nbsp;&nbsp;&nbsp;init_tcpconnection_status_pin
<LI><a href="#[18c]">&gt;&gt;</a>&nbsp;&nbsp;&nbsp;init_flowcontrol_dsr_pin
<LI><a href="#[18b]">&gt;&gt;</a>&nbsp;&nbsp;&nbsp;init_status_pin
<LI><a href="#[17f]">&gt;&gt;</a>&nbsp;&nbsp;&nbsp;serial_info_init
<LI><a href="#[17d]">&gt;&gt;</a>&nbsp;&nbsp;&nbsp;get_uart_rs485_sel
<LI><a href="#[17c]">&gt;&gt;</a>&nbsp;&nbsp;&nbsp;uart_rs485_rs422_init
<LI><a href="#[155]">&gt;&gt;</a>&nbsp;&nbsp;&nbsp;init_user_io
<LI><a href="#[10a]">&gt;&gt;</a>&nbsp;&nbsp;&nbsp;init_hw_trig_pin
<LI><a href="#[108]">&gt;&gt;</a>&nbsp;&nbsp;&nbsp;init_phylink_in_pin
<LI><a href="#[107]">&gt;&gt;</a>&nbsp;&nbsp;&nbsp;init_boot_entry_pin
</UL>

<P><STRONG><a name="[5e]"></a>GPIO_INT_Configuration</STRONG> (Thumb, 120 bytes, Stack size 24 bytes, w7500x_gpio.o(.text))
<BR><BR>[Stack]<UL><LI>Max Depth = 44<LI>Call Chain = GPIO_INT_Configuration &rArr; PAD_AFConfig
</UL>
<BR>[Calls]<UL><LI><a href="#[5d]">&gt;&gt;</a>&nbsp;&nbsp;&nbsp;PAD_AFConfig
<LI><a href="#[5f]">&gt;&gt;</a>&nbsp;&nbsp;&nbsp;GPIO_INT_Polarity_Bits
<LI><a href="#[5b]">&gt;&gt;</a>&nbsp;&nbsp;&nbsp;GPIO_StructInit
<LI><a href="#[5c]">&gt;&gt;</a>&nbsp;&nbsp;&nbsp;GPIO_Init
</UL>
<BR>[Called By]<UL><LI><a href="#[f0]">&gt;&gt;</a>&nbsp;&nbsp;&nbsp;GPIO_InitializeInterrupt
</UL>

<P><STRONG><a name="[60]"></a>UART_Init</STRONG> (Thumb, 182 bytes, Stack size 24 bytes, w7500x_uart.o(.text))
<BR><BR>[Stack]<UL><LI>Max Depth = 44<LI>Call Chain = UART_Init &rArr; __aeabi_fdiv
</UL>
<BR>[Calls]<UL><LI><a href="#[61]">&gt;&gt;</a>&nbsp;&nbsp;&nbsp;GetPLLSource
<LI><a href="#[62]">&gt;&gt;</a>&nbsp;&nbsp;&nbsp;GetSystemClock
<LI><a href="#[65]">&gt;&gt;</a>&nbsp;&nbsp;&nbsp;__aeabi_f2uiz
<LI><a href="#[64]">&gt;&gt;</a>&nbsp;&nbsp;&nbsp;__aeabi_fdiv
<LI><a href="#[66]">&gt;&gt;</a>&nbsp;&nbsp;&nbsp;__aeabi_frsub
<LI><a href="#[68]">&gt;&gt;</a>&nbsp;&nbsp;&nbsp;__aeabi_f2d
<LI><a href="#[6a]">&gt;&gt;</a>&nbsp;&nbsp;&nbsp;__aeabi_d2uiz
<LI><a href="#[69]">&gt;&gt;</a>&nbsp;&nbsp;&nbsp;__aeabi_dadd
<LI><a href="#[55]">&gt;&gt;</a>&nbsp;&nbsp;&nbsp;__aeabi_uidivmod
<LI><a href="#[67]">&gt;&gt;</a>&nbsp;&nbsp;&nbsp;__ARM_scalbnf
<LI><a href="#[63]">&gt;&gt;</a>&nbsp;&nbsp;&nbsp;__aeabi_ui2f
</UL>
<BR>[Called By]<UL><LI><a href="#[17f]">&gt;&gt;</a>&nbsp;&nbsp;&nbsp;serial_info_init
</UL>

<P><STRONG><a name="[17a]"></a>UART_ReceiveData</STRONG> (Thumb, 6 bytes, Stack size 0 bytes, w7500x_uart.o(.text))
<BR><BR>[Called By]<UL><LI><a href="#[e1]">&gt;&gt;</a>&nbsp;&nbsp;&nbsp;S2E_UART_IRQ_Handler
<LI><a href="#[12e]">&gt;&gt;</a>&nbsp;&nbsp;&nbsp;check_n_clear_uart_recv_status
</UL>

<P><STRONG><a name="[183]"></a>UART_GetRecvStatus</STRONG> (Thumb, 14 bytes, Stack size 0 bytes, w7500x_uart.o(.text))
<BR><BR>[Called By]<UL><LI><a href="#[12e]">&gt;&gt;</a>&nbsp;&nbsp;&nbsp;check_n_clear_uart_recv_status
</UL>

<P><STRONG><a name="[180]"></a>UART_ITConfig</STRONG> (Thumb, 16 bytes, Stack size 0 bytes, w7500x_uart.o(.text))
<BR><BR>[Called By]<UL><LI><a href="#[fa]">&gt;&gt;</a>&nbsp;&nbsp;&nbsp;S2E_UART_Configuration
</UL>

<P><STRONG><a name="[179]"></a>UART_GetITStatus</STRONG> (Thumb, 14 bytes, Stack size 0 bytes, w7500x_uart.o(.text))
<BR><BR>[Called By]<UL><LI><a href="#[e1]">&gt;&gt;</a>&nbsp;&nbsp;&nbsp;S2E_UART_IRQ_Handler
</UL>

<P><STRONG><a name="[17b]"></a>UART_ClearITPendingBit</STRONG> (Thumb, 8 bytes, Stack size 0 bytes, w7500x_uart.o(.text))
<BR><BR>[Called By]<UL><LI><a href="#[e1]">&gt;&gt;</a>&nbsp;&nbsp;&nbsp;S2E_UART_IRQ_Handler
</UL>

<P><STRONG><a name="[6b]"></a>S_UART_SetBaud</STRONG> (Thumb, 40 bytes, Stack size 8 bytes, w7500x_uart.o(.text))
<BR><BR>[Stack]<UL><LI>Max Depth = 8<LI>Call Chain = S_UART_SetBaud
</UL>
<BR>[Calls]<UL><LI><a href="#[6c]">&gt;&gt;</a>&nbsp;&nbsp;&nbsp;GetSourceClock
<LI><a href="#[62]">&gt;&gt;</a>&nbsp;&nbsp;&nbsp;GetSystemClock
<LI><a href="#[55]">&gt;&gt;</a>&nbsp;&nbsp;&nbsp;__aeabi_uidivmod
</UL>
<BR>[Called By]<UL><LI><a href="#[6d]">&gt;&gt;</a>&nbsp;&nbsp;&nbsp;S_UART_Init
</UL>

<P><STRONG><a name="[6d]"></a>S_UART_Init</STRONG> (Thumb, 24 bytes, Stack size 8 bytes, w7500x_uart.o(.text))
<BR><BR>[Stack]<UL><LI>Max Depth = 16<LI>Call Chain = S_UART_Init &rArr; S_UART_SetBaud
</UL>
<BR>[Calls]<UL><LI><a href="#[6b]">&gt;&gt;</a>&nbsp;&nbsp;&nbsp;S_UART_SetBaud
</UL>
<BR>[Called By]<UL><LI><a href="#[105]">&gt;&gt;</a>&nbsp;&nbsp;&nbsp;UART2_Configuration
</UL>

<P><STRONG><a name="[6f]"></a>S_UART_SendData</STRONG> (Thumb, 12 bytes, Stack size 0 bytes, w7500x_uart.o(.text))
<BR><BR>[Called By]<UL><LI><a href="#[6e]">&gt;&gt;</a>&nbsp;&nbsp;&nbsp;S_UartPutc
</UL>

<P><STRONG><a name="[182]"></a>UartPutc</STRONG> (Thumb, 12 bytes, Stack size 0 bytes, w7500x_uart.o(.text))
<BR><BR>[Called By]<UL><LI><a href="#[11d]">&gt;&gt;</a>&nbsp;&nbsp;&nbsp;uart_putc
<LI><a href="#[12f]">&gt;&gt;</a>&nbsp;&nbsp;&nbsp;check_uart_flow_control
</UL>

<P><STRONG><a name="[6e]"></a>S_UartPutc</STRONG> (Thumb, 12 bytes, Stack size 4 bytes, w7500x_uart.o(.text))
<BR><BR>[Stack]<UL><LI>Max Depth = 4<LI>Call Chain = S_UartPutc
</UL>
<BR>[Calls]<UL><LI><a href="#[6f]">&gt;&gt;</a>&nbsp;&nbsp;&nbsp;S_UART_SendData
</UL>
<BR>[Called By]<UL><LI><a href="#[36]">&gt;&gt;</a>&nbsp;&nbsp;&nbsp;fputc
<LI><a href="#[131]">&gt;&gt;</a>&nbsp;&nbsp;&nbsp;uart_puts
<LI><a href="#[11d]">&gt;&gt;</a>&nbsp;&nbsp;&nbsp;uart_putc
</UL>

<P><STRONG><a name="[aa]"></a>WIZCHIP_READ</STRONG> (Thumb, 4 bytes, Stack size 0 bytes, w7500x_wztoe.o(.text))
<BR><BR>[Called By]<UL><LI><a href="#[f1]">&gt;&gt;</a>&nbsp;&nbsp;&nbsp;display_Dev_Info_main
<LI><a href="#[ca]">&gt;&gt;</a>&nbsp;&nbsp;&nbsp;DHCP_init
<LI><a href="#[c8]">&gt;&gt;</a>&nbsp;&nbsp;&nbsp;DHCP_run
<LI><a href="#[c7]">&gt;&gt;</a>&nbsp;&nbsp;&nbsp;check_DHCP_leasedIP
<LI><a href="#[d]">&gt;&gt;</a>&nbsp;&nbsp;&nbsp;default_ip_conflict
<LI><a href="#[c]">&gt;&gt;</a>&nbsp;&nbsp;&nbsp;default_ip_update
<LI><a href="#[bd]">&gt;&gt;</a>&nbsp;&nbsp;&nbsp;wizchip_getnetinfo
<LI><a href="#[bc]">&gt;&gt;</a>&nbsp;&nbsp;&nbsp;wizchip_setnetmode
<LI><a href="#[bb]">&gt;&gt;</a>&nbsp;&nbsp;&nbsp;wizchip_getnetmode
<LI><a href="#[b9]">&gt;&gt;</a>&nbsp;&nbsp;&nbsp;wizchip_gettimeout
<LI><a href="#[b7]">&gt;&gt;</a>&nbsp;&nbsp;&nbsp;wizchip_sw_reset
<LI><a href="#[b6]">&gt;&gt;</a>&nbsp;&nbsp;&nbsp;getsockopt
<LI><a href="#[b4]">&gt;&gt;</a>&nbsp;&nbsp;&nbsp;setsockopt
<LI><a href="#[b2]">&gt;&gt;</a>&nbsp;&nbsp;&nbsp;recvfrom
<LI><a href="#[b1]">&gt;&gt;</a>&nbsp;&nbsp;&nbsp;sendto
<LI><a href="#[b0]">&gt;&gt;</a>&nbsp;&nbsp;&nbsp;recv
<LI><a href="#[af]">&gt;&gt;</a>&nbsp;&nbsp;&nbsp;send
<LI><a href="#[ae]">&gt;&gt;</a>&nbsp;&nbsp;&nbsp;disconnect
<LI><a href="#[ad]">&gt;&gt;</a>&nbsp;&nbsp;&nbsp;connect
<LI><a href="#[ac]">&gt;&gt;</a>&nbsp;&nbsp;&nbsp;listen
<LI><a href="#[ab]">&gt;&gt;</a>&nbsp;&nbsp;&nbsp;socket
<LI><a href="#[a8]">&gt;&gt;</a>&nbsp;&nbsp;&nbsp;close
<LI><a href="#[185]">&gt;&gt;</a>&nbsp;&nbsp;&nbsp;get_firmware_from_network
<LI><a href="#[15a]">&gt;&gt;</a>&nbsp;&nbsp;&nbsp;proc_SEGCP_udp
<LI><a href="#[159]">&gt;&gt;</a>&nbsp;&nbsp;&nbsp;proc_SEGCP_tcp
<LI><a href="#[12d]">&gt;&gt;</a>&nbsp;&nbsp;&nbsp;proc_SEG_tcp_client
<LI><a href="#[12c]">&gt;&gt;</a>&nbsp;&nbsp;&nbsp;proc_SEG_tcp_server
<LI><a href="#[12a]">&gt;&gt;</a>&nbsp;&nbsp;&nbsp;proc_SEG_tcp_mixed
<LI><a href="#[129]">&gt;&gt;</a>&nbsp;&nbsp;&nbsp;check_tcp_connect_exception
<LI><a href="#[123]">&gt;&gt;</a>&nbsp;&nbsp;&nbsp;proc_SEG_udp
<LI><a href="#[122]">&gt;&gt;</a>&nbsp;&nbsp;&nbsp;uart_to_ether
<LI><a href="#[118]">&gt;&gt;</a>&nbsp;&nbsp;&nbsp;ether_to_uart
<LI><a href="#[e5]">&gt;&gt;</a>&nbsp;&nbsp;&nbsp;process_socket_termination
</UL>

<P><STRONG><a name="[a9]"></a>WIZCHIP_WRITE</STRONG> (Thumb, 4 bytes, Stack size 0 bytes, w7500x_wztoe.o(.text))
<BR><BR>[Called By]<UL><LI><a href="#[f9]">&gt;&gt;</a>&nbsp;&nbsp;&nbsp;Mac_Conf
<LI><a href="#[ca]">&gt;&gt;</a>&nbsp;&nbsp;&nbsp;DHCP_init
<LI><a href="#[c7]">&gt;&gt;</a>&nbsp;&nbsp;&nbsp;check_DHCP_leasedIP
<LI><a href="#[d]">&gt;&gt;</a>&nbsp;&nbsp;&nbsp;default_ip_conflict
<LI><a href="#[c]">&gt;&gt;</a>&nbsp;&nbsp;&nbsp;default_ip_update
<LI><a href="#[b]">&gt;&gt;</a>&nbsp;&nbsp;&nbsp;default_ip_assign
<LI><a href="#[be]">&gt;&gt;</a>&nbsp;&nbsp;&nbsp;wizchip_setnetinfo
<LI><a href="#[bc]">&gt;&gt;</a>&nbsp;&nbsp;&nbsp;wizchip_setnetmode
<LI><a href="#[ba]">&gt;&gt;</a>&nbsp;&nbsp;&nbsp;wizchip_settimeout
<LI><a href="#[b8]">&gt;&gt;</a>&nbsp;&nbsp;&nbsp;wizchip_init
<LI><a href="#[b7]">&gt;&gt;</a>&nbsp;&nbsp;&nbsp;wizchip_sw_reset
<LI><a href="#[b4]">&gt;&gt;</a>&nbsp;&nbsp;&nbsp;setsockopt
<LI><a href="#[b2]">&gt;&gt;</a>&nbsp;&nbsp;&nbsp;recvfrom
<LI><a href="#[b1]">&gt;&gt;</a>&nbsp;&nbsp;&nbsp;sendto
<LI><a href="#[b0]">&gt;&gt;</a>&nbsp;&nbsp;&nbsp;recv
<LI><a href="#[af]">&gt;&gt;</a>&nbsp;&nbsp;&nbsp;send
<LI><a href="#[ae]">&gt;&gt;</a>&nbsp;&nbsp;&nbsp;disconnect
<LI><a href="#[ad]">&gt;&gt;</a>&nbsp;&nbsp;&nbsp;connect
<LI><a href="#[ac]">&gt;&gt;</a>&nbsp;&nbsp;&nbsp;listen
<LI><a href="#[ab]">&gt;&gt;</a>&nbsp;&nbsp;&nbsp;socket
<LI><a href="#[a8]">&gt;&gt;</a>&nbsp;&nbsp;&nbsp;close
<LI><a href="#[185]">&gt;&gt;</a>&nbsp;&nbsp;&nbsp;get_firmware_from_network
<LI><a href="#[159]">&gt;&gt;</a>&nbsp;&nbsp;&nbsp;proc_SEGCP_tcp
<LI><a href="#[12d]">&gt;&gt;</a>&nbsp;&nbsp;&nbsp;proc_SEG_tcp_client
<LI><a href="#[12c]">&gt;&gt;</a>&nbsp;&nbsp;&nbsp;proc_SEG_tcp_server
<LI><a href="#[12a]">&gt;&gt;</a>&nbsp;&nbsp;&nbsp;proc_SEG_tcp_mixed
<LI><a href="#[123]">&gt;&gt;</a>&nbsp;&nbsp;&nbsp;proc_SEG_udp
</UL>

<P><STRONG><a name="[73]"></a>WIZCHIP_READ_BUF</STRONG> (Thumb, 24 bytes, Stack size 12 bytes, w7500x_wztoe.o(.text))
<BR><BR>[Stack]<UL><LI>Max Depth = 12<LI>Call Chain = WIZCHIP_READ_BUF
</UL>
<BR>[Called By]<UL><LI><a href="#[72]">&gt;&gt;</a>&nbsp;&nbsp;&nbsp;wiz_recv_data
</UL>

<P><STRONG><a name="[71]"></a>WIZCHIP_WRITE_BUF</STRONG> (Thumb, 24 bytes, Stack size 16 bytes, w7500x_wztoe.o(.text))
<BR><BR>[Stack]<UL><LI>Max Depth = 16<LI>Call Chain = WIZCHIP_WRITE_BUF
</UL>
<BR>[Called By]<UL><LI><a href="#[70]">&gt;&gt;</a>&nbsp;&nbsp;&nbsp;wiz_send_data
</UL>

<P><STRONG><a name="[70]"></a>wiz_send_data</STRONG> (Thumb, 40 bytes, Stack size 16 bytes, w7500x_wztoe.o(.text))
<BR><BR>[Stack]<UL><LI>Max Depth = 32<LI>Call Chain = wiz_send_data &rArr; WIZCHIP_WRITE_BUF
</UL>
<BR>[Calls]<UL><LI><a href="#[71]">&gt;&gt;</a>&nbsp;&nbsp;&nbsp;WIZCHIP_WRITE_BUF
</UL>
<BR>[Called By]<UL><LI><a href="#[b1]">&gt;&gt;</a>&nbsp;&nbsp;&nbsp;sendto
<LI><a href="#[af]">&gt;&gt;</a>&nbsp;&nbsp;&nbsp;send
</UL>

<P><STRONG><a name="[72]"></a>wiz_recv_data</STRONG> (Thumb, 40 bytes, Stack size 16 bytes, w7500x_wztoe.o(.text))
<BR><BR>[Stack]<UL><LI>Max Depth = 28<LI>Call Chain = wiz_recv_data &rArr; WIZCHIP_READ_BUF
</UL>
<BR>[Calls]<UL><LI><a href="#[73]">&gt;&gt;</a>&nbsp;&nbsp;&nbsp;WIZCHIP_READ_BUF
</UL>
<BR>[Called By]<UL><LI><a href="#[b2]">&gt;&gt;</a>&nbsp;&nbsp;&nbsp;recvfrom
<LI><a href="#[b0]">&gt;&gt;</a>&nbsp;&nbsp;&nbsp;recv
</UL>

<P><STRONG><a name="[b3]"></a>wiz_recv_ignore</STRONG> (Thumb, 32 bytes, Stack size 8 bytes, w7500x_wztoe.o(.text))
<BR><BR>[Stack]<UL><LI>Max Depth = 8<LI>Call Chain = wiz_recv_ignore
</UL>
<BR>[Called By]<UL><LI><a href="#[b2]">&gt;&gt;</a>&nbsp;&nbsp;&nbsp;recvfrom
</UL>

<P><STRONG><a name="[74]"></a>I2C_Init</STRONG> (Thumb, 220 bytes, Stack size 24 bytes, w7500x_i2c.o(.text))
<BR><BR>[Stack]<UL><LI>Max Depth = 160 + Unknown Stack Size
<LI>Call Chain = I2C_Init &rArr; __2printf &rArr; _printf_char_file &rArr; _printf_char_common &rArr; __printf
</UL>
<BR>[Calls]<UL><LI><a href="#[5d]">&gt;&gt;</a>&nbsp;&nbsp;&nbsp;PAD_AFConfig
<LI><a href="#[77]">&gt;&gt;</a>&nbsp;&nbsp;&nbsp;GPIO_ResetBits
<LI><a href="#[75]">&gt;&gt;</a>&nbsp;&nbsp;&nbsp;GPIO_SetBits
<LI><a href="#[5c]">&gt;&gt;</a>&nbsp;&nbsp;&nbsp;GPIO_Init
<LI><a href="#[76]">&gt;&gt;</a>&nbsp;&nbsp;&nbsp;__2printf
</UL>
<BR>[Called By]<UL><LI><a href="#[fe]">&gt;&gt;</a>&nbsp;&nbsp;&nbsp;SSD1306_Init
</UL>

<P><STRONG><a name="[78]"></a>I2C_WriteBitSCL</STRONG> (Thumb, 64 bytes, Stack size 8 bytes, w7500x_i2c.o(.text))
<BR><BR>[Stack]<UL><LI>Max Depth = 16<LI>Call Chain = I2C_WriteBitSCL &rArr; GPIO_ResetBits
</UL>
<BR>[Calls]<UL><LI><a href="#[77]">&gt;&gt;</a>&nbsp;&nbsp;&nbsp;GPIO_ResetBits
<LI><a href="#[75]">&gt;&gt;</a>&nbsp;&nbsp;&nbsp;GPIO_SetBits
</UL>
<BR>[Called By]<UL><LI><a href="#[7c]">&gt;&gt;</a>&nbsp;&nbsp;&nbsp;I2C_WriteByte
<LI><a href="#[7b]">&gt;&gt;</a>&nbsp;&nbsp;&nbsp;I2C_Stop
<LI><a href="#[79]">&gt;&gt;</a>&nbsp;&nbsp;&nbsp;I2C_Start
</UL>

<P><STRONG><a name="[7a]"></a>I2C_WriteBitSDA</STRONG> (Thumb, 54 bytes, Stack size 0 bytes, w7500x_i2c.o(.text))
<BR><BR>[Called By]<UL><LI><a href="#[7c]">&gt;&gt;</a>&nbsp;&nbsp;&nbsp;I2C_WriteByte
<LI><a href="#[7b]">&gt;&gt;</a>&nbsp;&nbsp;&nbsp;I2C_Stop
<LI><a href="#[79]">&gt;&gt;</a>&nbsp;&nbsp;&nbsp;I2C_Start
</UL>

<P><STRONG><a name="[7d]"></a>I2C_ReadBitSDA</STRONG> (Thumb, 58 bytes, Stack size 0 bytes, w7500x_i2c.o(.text))
<BR><BR>[Called By]<UL><LI><a href="#[7c]">&gt;&gt;</a>&nbsp;&nbsp;&nbsp;I2C_WriteByte
</UL>

<P><STRONG><a name="[79]"></a>I2C_Start</STRONG> (Thumb, 36 bytes, Stack size 8 bytes, w7500x_i2c.o(.text))
<BR><BR>[Stack]<UL><LI>Max Depth = 24<LI>Call Chain = I2C_Start &rArr; I2C_WriteBitSCL &rArr; GPIO_ResetBits
</UL>
<BR>[Calls]<UL><LI><a href="#[7a]">&gt;&gt;</a>&nbsp;&nbsp;&nbsp;I2C_WriteBitSDA
<LI><a href="#[78]">&gt;&gt;</a>&nbsp;&nbsp;&nbsp;I2C_WriteBitSCL
</UL>
<BR>[Called By]<UL><LI><a href="#[19e]">&gt;&gt;</a>&nbsp;&nbsp;&nbsp;SSD1306_Send_StartAndSLAW
</UL>

<P><STRONG><a name="[7b]"></a>I2C_Stop</STRONG> (Thumb, 36 bytes, Stack size 8 bytes, w7500x_i2c.o(.text))
<BR><BR>[Stack]<UL><LI>Max Depth = 24<LI>Call Chain = I2C_Stop &rArr; I2C_WriteBitSCL &rArr; GPIO_ResetBits
</UL>
<BR>[Calls]<UL><LI><a href="#[7a]">&gt;&gt;</a>&nbsp;&nbsp;&nbsp;I2C_WriteBitSDA
<LI><a href="#[78]">&gt;&gt;</a>&nbsp;&nbsp;&nbsp;I2C_WriteBitSCL
</UL>
<BR>[Called By]<UL><LI><a href="#[fe]">&gt;&gt;</a>&nbsp;&nbsp;&nbsp;SSD1306_Init
<LI><a href="#[101]">&gt;&gt;</a>&nbsp;&nbsp;&nbsp;SSD1306_UpdateScreen
</UL>

<P><STRONG><a name="[7c]"></a>I2C_WriteByte</STRONG> (Thumb, 86 bytes, Stack size 16 bytes, w7500x_i2c.o(.text))
<BR><BR>[Stack]<UL><LI>Max Depth = 32<LI>Call Chain = I2C_WriteByte &rArr; I2C_WriteBitSCL &rArr; GPIO_ResetBits
</UL>
<BR>[Calls]<UL><LI><a href="#[7d]">&gt;&gt;</a>&nbsp;&nbsp;&nbsp;I2C_ReadBitSDA
<LI><a href="#[7a]">&gt;&gt;</a>&nbsp;&nbsp;&nbsp;I2C_WriteBitSDA
<LI><a href="#[78]">&gt;&gt;</a>&nbsp;&nbsp;&nbsp;I2C_WriteBitSCL
</UL>
<BR>[Called By]<UL><LI><a href="#[101]">&gt;&gt;</a>&nbsp;&nbsp;&nbsp;SSD1306_UpdateScreen
<LI><a href="#[19e]">&gt;&gt;</a>&nbsp;&nbsp;&nbsp;SSD1306_Send_StartAndSLAW
<LI><a href="#[19d]">&gt;&gt;</a>&nbsp;&nbsp;&nbsp;SSD1306_Send_Command
</UL>

<P><STRONG><a name="[7e]"></a>idle_MDIO</STRONG> (Thumb, 40 bytes, Stack size 16 bytes, w7500x_miim.o(.text))
<BR><BR>[Stack]<UL><LI>Max Depth = 24<LI>Call Chain = idle_MDIO &rArr; GPIO_ResetBits
</UL>
<BR>[Calls]<UL><LI><a href="#[77]">&gt;&gt;</a>&nbsp;&nbsp;&nbsp;GPIO_ResetBits
<LI><a href="#[75]">&gt;&gt;</a>&nbsp;&nbsp;&nbsp;GPIO_SetBits
<LI><a href="#[7f]">&gt;&gt;</a>&nbsp;&nbsp;&nbsp;delay
</UL>
<BR>[Called By]<UL><LI><a href="#[85]">&gt;&gt;</a>&nbsp;&nbsp;&nbsp;phy_id
<LI><a href="#[84]">&gt;&gt;</a>&nbsp;&nbsp;&nbsp;mdio_write
</UL>

<P><STRONG><a name="[80]"></a>input_MDIO</STRONG> (Thumb, 58 bytes, Stack size 24 bytes, w7500x_miim.o(.text))
<BR><BR>[Stack]<UL><LI>Max Depth = 32<LI>Call Chain = input_MDIO &rArr; GPIO_ResetBits
</UL>
<BR>[Calls]<UL><LI><a href="#[77]">&gt;&gt;</a>&nbsp;&nbsp;&nbsp;GPIO_ResetBits
<LI><a href="#[75]">&gt;&gt;</a>&nbsp;&nbsp;&nbsp;GPIO_SetBits
<LI><a href="#[81]">&gt;&gt;</a>&nbsp;&nbsp;&nbsp;GPIO_ReadInputDataBit
<LI><a href="#[7f]">&gt;&gt;</a>&nbsp;&nbsp;&nbsp;delay
</UL>
<BR>[Called By]<UL><LI><a href="#[85]">&gt;&gt;</a>&nbsp;&nbsp;&nbsp;phy_id
</UL>

<P><STRONG><a name="[82]"></a>turnaround_MDIO</STRONG> (Thumb, 46 bytes, Stack size 16 bytes, w7500x_miim.o(.text))
<BR><BR>[Stack]<UL><LI>Max Depth = 24<LI>Call Chain = turnaround_MDIO &rArr; GPIO_ResetBits
</UL>
<BR>[Calls]<UL><LI><a href="#[77]">&gt;&gt;</a>&nbsp;&nbsp;&nbsp;GPIO_ResetBits
<LI><a href="#[75]">&gt;&gt;</a>&nbsp;&nbsp;&nbsp;GPIO_SetBits
<LI><a href="#[7f]">&gt;&gt;</a>&nbsp;&nbsp;&nbsp;delay
</UL>
<BR>[Called By]<UL><LI><a href="#[85]">&gt;&gt;</a>&nbsp;&nbsp;&nbsp;phy_id
</UL>

<P><STRONG><a name="[83]"></a>output_MDIO</STRONG> (Thumb, 74 bytes, Stack size 24 bytes, w7500x_miim.o(.text))
<BR><BR>[Stack]<UL><LI>Max Depth = 32<LI>Call Chain = output_MDIO &rArr; GPIO_ResetBits
</UL>
<BR>[Calls]<UL><LI><a href="#[77]">&gt;&gt;</a>&nbsp;&nbsp;&nbsp;GPIO_ResetBits
<LI><a href="#[75]">&gt;&gt;</a>&nbsp;&nbsp;&nbsp;GPIO_SetBits
<LI><a href="#[7f]">&gt;&gt;</a>&nbsp;&nbsp;&nbsp;delay
</UL>
<BR>[Called By]<UL><LI><a href="#[85]">&gt;&gt;</a>&nbsp;&nbsp;&nbsp;phy_id
<LI><a href="#[84]">&gt;&gt;</a>&nbsp;&nbsp;&nbsp;mdio_write
</UL>

<P><STRONG><a name="[84]"></a>mdio_write</STRONG> (Thumb, 78 bytes, Stack size 16 bytes, w7500x_miim.o(.text))
<BR><BR>[Stack]<UL><LI>Max Depth = 48<LI>Call Chain = mdio_write &rArr; output_MDIO &rArr; GPIO_ResetBits
</UL>
<BR>[Calls]<UL><LI><a href="#[83]">&gt;&gt;</a>&nbsp;&nbsp;&nbsp;output_MDIO
<LI><a href="#[7e]">&gt;&gt;</a>&nbsp;&nbsp;&nbsp;idle_MDIO
</UL>
<BR>[Called By]<UL><LI><a href="#[f7]">&gt;&gt;</a>&nbsp;&nbsp;&nbsp;W7500x_Board_Init
</UL>

<P><STRONG><a name="[85]"></a>phy_id</STRONG> (Thumb, 106 bytes, Stack size 24 bytes, w7500x_miim.o(.text))
<BR><BR>[Stack]<UL><LI>Max Depth = 160 + Unknown Stack Size
<LI>Call Chain = phy_id &rArr; __2printf &rArr; _printf_char_file &rArr; _printf_char_common &rArr; __printf
</UL>
<BR>[Calls]<UL><LI><a href="#[83]">&gt;&gt;</a>&nbsp;&nbsp;&nbsp;output_MDIO
<LI><a href="#[82]">&gt;&gt;</a>&nbsp;&nbsp;&nbsp;turnaround_MDIO
<LI><a href="#[80]">&gt;&gt;</a>&nbsp;&nbsp;&nbsp;input_MDIO
<LI><a href="#[7e]">&gt;&gt;</a>&nbsp;&nbsp;&nbsp;idle_MDIO
<LI><a href="#[76]">&gt;&gt;</a>&nbsp;&nbsp;&nbsp;__2printf
</UL>
<BR>[Called By]<UL><LI><a href="#[86]">&gt;&gt;</a>&nbsp;&nbsp;&nbsp;mdio_init
</UL>

<P><STRONG><a name="[86]"></a>mdio_init</STRONG> (Thumb, 66 bytes, Stack size 24 bytes, w7500x_miim.o(.text))
<BR><BR>[Stack]<UL><LI>Max Depth = 184 + Unknown Stack Size
<LI>Call Chain = mdio_init &rArr; phy_id &rArr; __2printf &rArr; _printf_char_file &rArr; _printf_char_common &rArr; __printf
</UL>
<BR>[Calls]<UL><LI><a href="#[5d]">&gt;&gt;</a>&nbsp;&nbsp;&nbsp;PAD_AFConfig
<LI><a href="#[5b]">&gt;&gt;</a>&nbsp;&nbsp;&nbsp;GPIO_StructInit
<LI><a href="#[5c]">&gt;&gt;</a>&nbsp;&nbsp;&nbsp;GPIO_Init
<LI><a href="#[85]">&gt;&gt;</a>&nbsp;&nbsp;&nbsp;phy_id
</UL>
<BR>[Called By]<UL><LI><a href="#[f7]">&gt;&gt;</a>&nbsp;&nbsp;&nbsp;W7500x_Board_Init
</UL>

<P><STRONG><a name="[36]"></a>fputc</STRONG> (Thumb, 10 bytes, Stack size 8 bytes, retarget.o(.text))
<BR><BR>[Stack]<UL><LI>Max Depth = 12<LI>Call Chain = fputc &rArr; S_UartPutc
</UL>
<BR>[Calls]<UL><LI><a href="#[6e]">&gt;&gt;</a>&nbsp;&nbsp;&nbsp;S_UartPutc
</UL>
<BR>[Address Reference Count : 1]<UL><LI> _printf_char_file.o(.text)
</UL>
<P><STRONG><a name="[1c3]"></a>ferror</STRONG> (Thumb, 6 bytes, Stack size 0 bytes, retarget.o(.text))
<BR><BR>[Called By]<UL><LI><a href="#[1a6]">&gt;&gt;</a>&nbsp;&nbsp;&nbsp;_printf_char_file
</UL>

<P><STRONG><a name="[54]"></a>_sys_exit</STRONG> (Thumb, 2 bytes, Stack size 0 bytes, retarget.o(.text))
<BR><BR>[Calls]<UL><LI><a href="#[54]">&gt;&gt;</a>&nbsp;&nbsp;&nbsp;_sys_exit
</UL>
<BR>[Called By]<UL><LI><a href="#[54]">&gt;&gt;</a>&nbsp;&nbsp;&nbsp;_sys_exit
<LI><a href="#[53]">&gt;&gt;</a>&nbsp;&nbsp;&nbsp;__rt_exit_exit
</UL>

<P><STRONG><a name="[24f]"></a>__I$use$semihosting</STRONG> (Thumb, 0 bytes, Stack size 0 bytes, use_no_semi.o(.text), UNUSED)

<P><STRONG><a name="[250]"></a>__use_no_semihosting_swi</STRONG> (Thumb, 2 bytes, Stack size 0 bytes, use_no_semi.o(.text), UNUSED)

<P><STRONG><a name="[87]"></a>__rt_ctype_table</STRONG> (Thumb, 16 bytes, Stack size 8 bytes, rt_ctype_table.o(.text))
<BR><BR>[Stack]<UL><LI>Max Depth = 8<LI>Call Chain = __rt_ctype_table
</UL>
<BR>[Calls]<UL><LI><a href="#[48]">&gt;&gt;</a>&nbsp;&nbsp;&nbsp;__rt_locale
</UL>
<BR>[Called By]<UL><LI><a href="#[14e]">&gt;&gt;</a>&nbsp;&nbsp;&nbsp;is_ipaddr
<LI><a href="#[150]">&gt;&gt;</a>&nbsp;&nbsp;&nbsp;is_hexstr
<LI><a href="#[14c]">&gt;&gt;</a>&nbsp;&nbsp;&nbsp;is_hex
<LI><a href="#[162]">&gt;&gt;</a>&nbsp;&nbsp;&nbsp;toupper
<LI><a href="#[1b3]">&gt;&gt;</a>&nbsp;&nbsp;&nbsp;strtol
</UL>

<P><STRONG><a name="[88]"></a>strtok</STRONG> (Thumb, 10 bytes, Stack size 8 bytes, strtok.o(.text))
<BR><BR>[Stack]<UL><LI>Max Depth = 44<LI>Call Chain = strtok &rArr; __strtok_internal &rArr; strspn
</UL>
<BR>[Calls]<UL><LI><a href="#[89]">&gt;&gt;</a>&nbsp;&nbsp;&nbsp;__strtok_internal
</UL>
<BR>[Called By]<UL><LI><a href="#[144]">&gt;&gt;</a>&nbsp;&nbsp;&nbsp;proc_SEGCP
</UL>

<P><STRONG><a name="[251]"></a>__use_two_region_memory</STRONG> (Thumb, 2 bytes, Stack size 0 bytes, heapauxi.o(.text), UNUSED)

<P><STRONG><a name="[252]"></a>__rt_heap_escrow$2region</STRONG> (Thumb, 2 bytes, Stack size 0 bytes, heapauxi.o(.text), UNUSED)

<P><STRONG><a name="[253]"></a>__rt_heap_expand$2region</STRONG> (Thumb, 2 bytes, Stack size 0 bytes, heapauxi.o(.text), UNUSED)

<P><STRONG><a name="[f]"></a>Remap_NMI_Handler</STRONG> (Thumb, 8 bytes, Stack size 8 bytes, isr_vector.o(.ARM.__at_0x00007D00))
<BR><BR>[Stack]<UL><LI>Max Depth = 8<LI>Call Chain = Remap_NMI_Handler
</UL>
<BR>[Calls]<UL><LI><a href="#[8a]">&gt;&gt;</a>&nbsp;&nbsp;&nbsp;NMI_Handler
</UL>
<BR>[Address Reference Count : 1]<UL><LI> startup_w7500x.o(RESET)
</UL>
<P><STRONG><a name="[11]"></a>Remap_SVC_Handler</STRONG> (Thumb, 8 bytes, Stack size 8 bytes, isr_vector.o(.ARM.__at_0x00007D0C))
<BR><BR>[Stack]<UL><LI>Max Depth = 8<LI>Call Chain = Remap_SVC_Handler
</UL>
<BR>[Calls]<UL><LI><a href="#[8b]">&gt;&gt;</a>&nbsp;&nbsp;&nbsp;SVC_Handler
</UL>
<BR>[Address Reference Count : 1]<UL><LI> startup_w7500x.o(RESET)
</UL>
<P><STRONG><a name="[12]"></a>Remap_PendSV_Handler</STRONG> (Thumb, 8 bytes, Stack size 8 bytes, isr_vector.o(.ARM.__at_0x00007D14))
<BR><BR>[Stack]<UL><LI>Max Depth = 8<LI>Call Chain = Remap_PendSV_Handler
</UL>
<BR>[Calls]<UL><LI><a href="#[8c]">&gt;&gt;</a>&nbsp;&nbsp;&nbsp;PendSV_Handler
</UL>
<BR>[Address Reference Count : 1]<UL><LI> startup_w7500x.o(RESET)
</UL>
<P><STRONG><a name="[13]"></a>Remap_SysTick_Handler</STRONG> (Thumb, 8 bytes, Stack size 8 bytes, isr_vector.o(.ARM.__at_0x00007D1C))
<BR><BR>[Stack]<UL><LI>Max Depth = 16<LI>Call Chain = Remap_SysTick_Handler &rArr; SysTick_Handler
</UL>
<BR>[Calls]<UL><LI><a href="#[8d]">&gt;&gt;</a>&nbsp;&nbsp;&nbsp;SysTick_Handler
</UL>
<BR>[Address Reference Count : 1]<UL><LI> startup_w7500x.o(RESET)
</UL>
<P><STRONG><a name="[14]"></a>Remap_SSP0_Handler</STRONG> (Thumb, 8 bytes, Stack size 8 bytes, isr_vector.o(.ARM.__at_0x00007D24))
<BR><BR>[Stack]<UL><LI>Max Depth = 8<LI>Call Chain = Remap_SSP0_Handler
</UL>
<BR>[Calls]<UL><LI><a href="#[8e]">&gt;&gt;</a>&nbsp;&nbsp;&nbsp;SSP0_Handler
</UL>
<BR>[Address Reference Count : 1]<UL><LI> startup_w7500x.o(RESET)
</UL>
<P><STRONG><a name="[15]"></a>Remap_SSP1_Handler</STRONG> (Thumb, 8 bytes, Stack size 8 bytes, isr_vector.o(.ARM.__at_0x00007D2C))
<BR><BR>[Stack]<UL><LI>Max Depth = 8<LI>Call Chain = Remap_SSP1_Handler
</UL>
<BR>[Calls]<UL><LI><a href="#[8f]">&gt;&gt;</a>&nbsp;&nbsp;&nbsp;SSP1_Handler
</UL>
<BR>[Address Reference Count : 1]<UL><LI> startup_w7500x.o(RESET)
</UL>
<P><STRONG><a name="[16]"></a>Remap_UART0_Handler</STRONG> (Thumb, 8 bytes, Stack size 8 bytes, isr_vector.o(.ARM.__at_0x00007D34))
<BR><BR>[Stack]<UL><LI>Max Depth = 72<LI>Call Chain = Remap_UART0_Handler &rArr; UART0_Handler &rArr; S2E_UART_IRQ_Handler &rArr; check_modeswitch_trigger &rArr; restore_serial_data
</UL>
<BR>[Calls]<UL><LI><a href="#[90]">&gt;&gt;</a>&nbsp;&nbsp;&nbsp;UART0_Handler
</UL>
<BR>[Address Reference Count : 1]<UL><LI> startup_w7500x.o(RESET)
</UL>
<P><STRONG><a name="[17]"></a>Remap_UART1_Handler</STRONG> (Thumb, 8 bytes, Stack size 8 bytes, isr_vector.o(.ARM.__at_0x00007D3C))
<BR><BR>[Stack]<UL><LI>Max Depth = 72<LI>Call Chain = Remap_UART1_Handler &rArr; UART1_Handler &rArr; S2E_UART_IRQ_Handler &rArr; check_modeswitch_trigger &rArr; restore_serial_data
</UL>
<BR>[Calls]<UL><LI><a href="#[91]">&gt;&gt;</a>&nbsp;&nbsp;&nbsp;UART1_Handler
</UL>
<BR>[Address Reference Count : 1]<UL><LI> startup_w7500x.o(RESET)
</UL>
<P><STRONG><a name="[18]"></a>Remap_UART2_Handler</STRONG> (Thumb, 8 bytes, Stack size 8 bytes, isr_vector.o(.ARM.__at_0x00007D44))
<BR><BR>[Stack]<UL><LI>Max Depth = 8<LI>Call Chain = Remap_UART2_Handler
</UL>
<BR>[Calls]<UL><LI><a href="#[92]">&gt;&gt;</a>&nbsp;&nbsp;&nbsp;UART2_Handler
</UL>
<BR>[Address Reference Count : 1]<UL><LI> startup_w7500x.o(RESET)
</UL>
<P><STRONG><a name="[19]"></a>Remap_I2C0_Handler</STRONG> (Thumb, 8 bytes, Stack size 8 bytes, isr_vector.o(.ARM.__at_0x00007D4C))
<BR><BR>[Stack]<UL><LI>Max Depth = 8<LI>Call Chain = Remap_I2C0_Handler
</UL>
<BR>[Calls]<UL><LI><a href="#[93]">&gt;&gt;</a>&nbsp;&nbsp;&nbsp;I2C0_Handler
</UL>
<BR>[Address Reference Count : 1]<UL><LI> startup_w7500x.o(RESET)
</UL>
<P><STRONG><a name="[1a]"></a>Remap_I2C1_Handler</STRONG> (Thumb, 8 bytes, Stack size 8 bytes, isr_vector.o(.ARM.__at_0x00007D54))
<BR><BR>[Stack]<UL><LI>Max Depth = 8<LI>Call Chain = Remap_I2C1_Handler
</UL>
<BR>[Calls]<UL><LI><a href="#[94]">&gt;&gt;</a>&nbsp;&nbsp;&nbsp;I2C1_Handler
</UL>
<BR>[Address Reference Count : 1]<UL><LI> startup_w7500x.o(RESET)
</UL>
<P><STRONG><a name="[1b]"></a>Remap_PORT0_Handler</STRONG> (Thumb, 8 bytes, Stack size 8 bytes, isr_vector.o(.ARM.__at_0x00007D5C))
<BR><BR>[Stack]<UL><LI>Max Depth = 152 + Unknown Stack Size
<LI>Call Chain = Remap_PORT0_Handler &rArr; PORT0_Handler &rArr; __2printf &rArr; _printf_char_file &rArr; _printf_char_common &rArr; __printf
</UL>
<BR>[Calls]<UL><LI><a href="#[95]">&gt;&gt;</a>&nbsp;&nbsp;&nbsp;PORT0_Handler
</UL>
<BR>[Address Reference Count : 1]<UL><LI> startup_w7500x.o(RESET)
</UL>
<P><STRONG><a name="[1c]"></a>Remap_PORT1_Handler</STRONG> (Thumb, 8 bytes, Stack size 8 bytes, isr_vector.o(.ARM.__at_0x00007D64))
<BR><BR>[Stack]<UL><LI>Max Depth = 152 + Unknown Stack Size
<LI>Call Chain = Remap_PORT1_Handler &rArr; PORT1_Handler &rArr; __2printf &rArr; _printf_char_file &rArr; _printf_char_common &rArr; __printf
</UL>
<BR>[Calls]<UL><LI><a href="#[96]">&gt;&gt;</a>&nbsp;&nbsp;&nbsp;PORT1_Handler
</UL>
<BR>[Address Reference Count : 1]<UL><LI> startup_w7500x.o(RESET)
</UL>
<P><STRONG><a name="[1d]"></a>Remap_PORT2_Handler</STRONG> (Thumb, 8 bytes, Stack size 8 bytes, isr_vector.o(.ARM.__at_0x00007D6C))
<BR><BR>[Stack]<UL><LI>Max Depth = 24<LI>Call Chain = Remap_PORT2_Handler &rArr; PORT2_Handler
</UL>
<BR>[Calls]<UL><LI><a href="#[97]">&gt;&gt;</a>&nbsp;&nbsp;&nbsp;PORT2_Handler
</UL>
<BR>[Address Reference Count : 1]<UL><LI> startup_w7500x.o(RESET)
</UL>
<P><STRONG><a name="[1e]"></a>Remap_PORT3_Handler</STRONG> (Thumb, 8 bytes, Stack size 8 bytes, isr_vector.o(.ARM.__at_0x00007D74))
<BR><BR>[Stack]<UL><LI>Max Depth = 8<LI>Call Chain = Remap_PORT3_Handler
</UL>
<BR>[Calls]<UL><LI><a href="#[98]">&gt;&gt;</a>&nbsp;&nbsp;&nbsp;PORT3_Handler
</UL>
<BR>[Address Reference Count : 1]<UL><LI> startup_w7500x.o(RESET)
</UL>
<P><STRONG><a name="[1f]"></a>Remap_DMA_Handler</STRONG> (Thumb, 8 bytes, Stack size 8 bytes, isr_vector.o(.ARM.__at_0x00007D7C))
<BR><BR>[Stack]<UL><LI>Max Depth = 8<LI>Call Chain = Remap_DMA_Handler
</UL>
<BR>[Calls]<UL><LI><a href="#[99]">&gt;&gt;</a>&nbsp;&nbsp;&nbsp;DMA_Handler
</UL>
<BR>[Address Reference Count : 1]<UL><LI> startup_w7500x.o(RESET)
</UL>
<P><STRONG><a name="[20]"></a>Remap_DUALTIMER0_Handler</STRONG> (Thumb, 8 bytes, Stack size 8 bytes, isr_vector.o(.ARM.__at_0x00007D84))
<BR><BR>[Stack]<UL><LI>Max Depth = 88<LI>Call Chain = Remap_DUALTIMER0_Handler &rArr; DUALTIMER0_Handler &rArr; Timer_IRQ_Handler &rArr; gpio_handler_timer_msec &rArr; check_phylink_status &rArr; set_connection_status_io &rArr; LED_On &rArr; GPIO_ResetBits
</UL>
<BR>[Calls]<UL><LI><a href="#[9a]">&gt;&gt;</a>&nbsp;&nbsp;&nbsp;DUALTIMER0_Handler
</UL>
<BR>[Address Reference Count : 1]<UL><LI> startup_w7500x.o(RESET)
</UL>
<P><STRONG><a name="[21]"></a>Remap_DUALTIMER1_Handler</STRONG> (Thumb, 8 bytes, Stack size 8 bytes, isr_vector.o(.ARM.__at_0x00007D8C))
<BR><BR>[Stack]<UL><LI>Max Depth = 8<LI>Call Chain = Remap_DUALTIMER1_Handler
</UL>
<BR>[Calls]<UL><LI><a href="#[9b]">&gt;&gt;</a>&nbsp;&nbsp;&nbsp;DUALTIMER1_Handler
</UL>
<BR>[Address Reference Count : 1]<UL><LI> startup_w7500x.o(RESET)
</UL>
<P><STRONG><a name="[22]"></a>Remap_PWM0_Handler</STRONG> (Thumb, 8 bytes, Stack size 8 bytes, isr_vector.o(.ARM.__at_0x00007D94))
<BR><BR>[Stack]<UL><LI>Max Depth = 8<LI>Call Chain = Remap_PWM0_Handler
</UL>
<BR>[Calls]<UL><LI><a href="#[9c]">&gt;&gt;</a>&nbsp;&nbsp;&nbsp;PWM0_Handler
</UL>
<BR>[Address Reference Count : 1]<UL><LI> startup_w7500x.o(RESET)
</UL>
<P><STRONG><a name="[23]"></a>Remap_PWM1_Handler</STRONG> (Thumb, 8 bytes, Stack size 8 bytes, isr_vector.o(.ARM.__at_0x00007D9C))
<BR><BR>[Stack]<UL><LI>Max Depth = 8<LI>Call Chain = Remap_PWM1_Handler
</UL>
<BR>[Calls]<UL><LI><a href="#[9d]">&gt;&gt;</a>&nbsp;&nbsp;&nbsp;PWM1_Handler
</UL>
<BR>[Address Reference Count : 1]<UL><LI> startup_w7500x.o(RESET)
</UL>
<P><STRONG><a name="[24]"></a>Remap_PWM2_Handler</STRONG> (Thumb, 8 bytes, Stack size 8 bytes, isr_vector.o(.ARM.__at_0x00007DA4))
<BR><BR>[Stack]<UL><LI>Max Depth = 8<LI>Call Chain = Remap_PWM2_Handler
</UL>
<BR>[Calls]<UL><LI><a href="#[9e]">&gt;&gt;</a>&nbsp;&nbsp;&nbsp;PWM2_Handler
</UL>
<BR>[Address Reference Count : 1]<UL><LI> startup_w7500x.o(RESET)
</UL>
<P><STRONG><a name="[25]"></a>Remap_PWM3_Handler</STRONG> (Thumb, 8 bytes, Stack size 8 bytes, isr_vector.o(.ARM.__at_0x00007DAC))
<BR><BR>[Stack]<UL><LI>Max Depth = 8<LI>Call Chain = Remap_PWM3_Handler
</UL>
<BR>[Calls]<UL><LI><a href="#[9f]">&gt;&gt;</a>&nbsp;&nbsp;&nbsp;PWM3_Handler
</UL>
<BR>[Address Reference Count : 1]<UL><LI> startup_w7500x.o(RESET)
</UL>
<P><STRONG><a name="[26]"></a>Remap_PWM4_Handler</STRONG> (Thumb, 8 bytes, Stack size 8 bytes, isr_vector.o(.ARM.__at_0x00007DB4))
<BR><BR>[Stack]<UL><LI>Max Depth = 8<LI>Call Chain = Remap_PWM4_Handler
</UL>
<BR>[Calls]<UL><LI><a href="#[a0]">&gt;&gt;</a>&nbsp;&nbsp;&nbsp;PWM4_Handler
</UL>
<BR>[Address Reference Count : 1]<UL><LI> startup_w7500x.o(RESET)
</UL>
<P><STRONG><a name="[27]"></a>Remap_PWM5_Handler</STRONG> (Thumb, 8 bytes, Stack size 8 bytes, isr_vector.o(.ARM.__at_0x00007DBC))
<BR><BR>[Stack]<UL><LI>Max Depth = 8<LI>Call Chain = Remap_PWM5_Handler
</UL>
<BR>[Calls]<UL><LI><a href="#[a1]">&gt;&gt;</a>&nbsp;&nbsp;&nbsp;PWM5_Handler
</UL>
<BR>[Address Reference Count : 1]<UL><LI> startup_w7500x.o(RESET)
</UL>
<P><STRONG><a name="[28]"></a>Remap_PWM6_Handler</STRONG> (Thumb, 8 bytes, Stack size 8 bytes, isr_vector.o(.ARM.__at_0x00007DC4))
<BR><BR>[Stack]<UL><LI>Max Depth = 8<LI>Call Chain = Remap_PWM6_Handler
</UL>
<BR>[Calls]<UL><LI><a href="#[a2]">&gt;&gt;</a>&nbsp;&nbsp;&nbsp;PWM6_Handler
</UL>
<BR>[Address Reference Count : 1]<UL><LI> startup_w7500x.o(RESET)
</UL>
<P><STRONG><a name="[29]"></a>Remap_PWM7_Handler</STRONG> (Thumb, 8 bytes, Stack size 8 bytes, isr_vector.o(.ARM.__at_0x00007DCC))
<BR><BR>[Stack]<UL><LI>Max Depth = 8<LI>Call Chain = Remap_PWM7_Handler
</UL>
<BR>[Calls]<UL><LI><a href="#[a3]">&gt;&gt;</a>&nbsp;&nbsp;&nbsp;PWM7_Handler
</UL>
<BR>[Address Reference Count : 1]<UL><LI> startup_w7500x.o(RESET)
</UL>
<P><STRONG><a name="[2a]"></a>Remap_RTC_Handler</STRONG> (Thumb, 8 bytes, Stack size 8 bytes, isr_vector.o(.ARM.__at_0x00007DD4))
<BR><BR>[Stack]<UL><LI>Max Depth = 8<LI>Call Chain = Remap_RTC_Handler
</UL>
<BR>[Calls]<UL><LI><a href="#[a4]">&gt;&gt;</a>&nbsp;&nbsp;&nbsp;RTC_Handler
</UL>
<BR>[Address Reference Count : 1]<UL><LI> startup_w7500x.o(RESET)
</UL>
<P><STRONG><a name="[2b]"></a>Remap_ADC_Handler</STRONG> (Thumb, 8 bytes, Stack size 8 bytes, isr_vector.o(.ARM.__at_0x00007DDC))
<BR><BR>[Stack]<UL><LI>Max Depth = 8<LI>Call Chain = Remap_ADC_Handler
</UL>
<BR>[Calls]<UL><LI><a href="#[a5]">&gt;&gt;</a>&nbsp;&nbsp;&nbsp;ADC_Handler
</UL>
<BR>[Address Reference Count : 1]<UL><LI> startup_w7500x.o(RESET)
</UL>
<P><STRONG><a name="[2c]"></a>Remap_WZTOE_Handler</STRONG> (Thumb, 8 bytes, Stack size 8 bytes, isr_vector.o(.ARM.__at_0x00007DE4))
<BR><BR>[Stack]<UL><LI>Max Depth = 8<LI>Call Chain = Remap_WZTOE_Handler
</UL>
<BR>[Calls]<UL><LI><a href="#[a6]">&gt;&gt;</a>&nbsp;&nbsp;&nbsp;WZTOE_Handler
</UL>
<BR>[Address Reference Count : 1]<UL><LI> startup_w7500x.o(RESET)
</UL>
<P><STRONG><a name="[2d]"></a>Remap_EXTI_Handler</STRONG> (Thumb, 8 bytes, Stack size 8 bytes, isr_vector.o(.ARM.__at_0x00007DEC))
<BR><BR>[Stack]<UL><LI>Max Depth = 8<LI>Call Chain = Remap_EXTI_Handler
</UL>
<BR>[Calls]<UL><LI><a href="#[a7]">&gt;&gt;</a>&nbsp;&nbsp;&nbsp;EXTI_Handler
</UL>
<BR>[Address Reference Count : 1]<UL><LI> startup_w7500x.o(RESET)
</UL>
<P><STRONG><a name="[a8]"></a>close</STRONG> (Thumb, 96 bytes, Stack size 16 bytes, socket.o(.text))
<BR><BR>[Stack]<UL><LI>Max Depth = 16<LI>Call Chain = close
</UL>
<BR>[Calls]<UL><LI><a href="#[a9]">&gt;&gt;</a>&nbsp;&nbsp;&nbsp;WIZCHIP_WRITE
<LI><a href="#[aa]">&gt;&gt;</a>&nbsp;&nbsp;&nbsp;WIZCHIP_READ
</UL>
<BR>[Called By]<UL><LI><a href="#[d7]">&gt;&gt;</a>&nbsp;&nbsp;&nbsp;DNS_run
<LI><a href="#[c9]">&gt;&gt;</a>&nbsp;&nbsp;&nbsp;DHCP_stop
<LI><a href="#[b2]">&gt;&gt;</a>&nbsp;&nbsp;&nbsp;recvfrom
<LI><a href="#[b0]">&gt;&gt;</a>&nbsp;&nbsp;&nbsp;recv
<LI><a href="#[af]">&gt;&gt;</a>&nbsp;&nbsp;&nbsp;send
<LI><a href="#[ae]">&gt;&gt;</a>&nbsp;&nbsp;&nbsp;disconnect
<LI><a href="#[ac]">&gt;&gt;</a>&nbsp;&nbsp;&nbsp;listen
<LI><a href="#[ab]">&gt;&gt;</a>&nbsp;&nbsp;&nbsp;socket
<LI><a href="#[185]">&gt;&gt;</a>&nbsp;&nbsp;&nbsp;get_firmware_from_network
<LI><a href="#[159]">&gt;&gt;</a>&nbsp;&nbsp;&nbsp;proc_SEGCP_tcp
<LI><a href="#[e5]">&gt;&gt;</a>&nbsp;&nbsp;&nbsp;process_socket_termination
<LI><a href="#[eb]">&gt;&gt;</a>&nbsp;&nbsp;&nbsp;do_segcp
</UL>

<P><STRONG><a name="[ab]"></a>socket</STRONG> (Thumb, 214 bytes, Stack size 24 bytes, socket.o(.text))
<BR><BR>[Stack]<UL><LI>Max Depth = 40<LI>Call Chain = socket &rArr; close
</UL>
<BR>[Calls]<UL><LI><a href="#[a9]">&gt;&gt;</a>&nbsp;&nbsp;&nbsp;WIZCHIP_WRITE
<LI><a href="#[aa]">&gt;&gt;</a>&nbsp;&nbsp;&nbsp;WIZCHIP_READ
<LI><a href="#[a8]">&gt;&gt;</a>&nbsp;&nbsp;&nbsp;close
</UL>
<BR>[Called By]<UL><LI><a href="#[d7]">&gt;&gt;</a>&nbsp;&nbsp;&nbsp;DNS_run
<LI><a href="#[c8]">&gt;&gt;</a>&nbsp;&nbsp;&nbsp;DHCP_run
<LI><a href="#[185]">&gt;&gt;</a>&nbsp;&nbsp;&nbsp;get_firmware_from_network
<LI><a href="#[15a]">&gt;&gt;</a>&nbsp;&nbsp;&nbsp;proc_SEGCP_udp
<LI><a href="#[159]">&gt;&gt;</a>&nbsp;&nbsp;&nbsp;proc_SEGCP_tcp
<LI><a href="#[12d]">&gt;&gt;</a>&nbsp;&nbsp;&nbsp;proc_SEG_tcp_client
<LI><a href="#[12c]">&gt;&gt;</a>&nbsp;&nbsp;&nbsp;proc_SEG_tcp_server
<LI><a href="#[12a]">&gt;&gt;</a>&nbsp;&nbsp;&nbsp;proc_SEG_tcp_mixed
<LI><a href="#[123]">&gt;&gt;</a>&nbsp;&nbsp;&nbsp;proc_SEG_udp
</UL>

<P><STRONG><a name="[ac]"></a>listen</STRONG> (Thumb, 110 bytes, Stack size 16 bytes, socket.o(.text))
<BR><BR>[Stack]<UL><LI>Max Depth = 32<LI>Call Chain = listen &rArr; close
</UL>
<BR>[Calls]<UL><LI><a href="#[a9]">&gt;&gt;</a>&nbsp;&nbsp;&nbsp;WIZCHIP_WRITE
<LI><a href="#[aa]">&gt;&gt;</a>&nbsp;&nbsp;&nbsp;WIZCHIP_READ
<LI><a href="#[a8]">&gt;&gt;</a>&nbsp;&nbsp;&nbsp;close
</UL>
<BR>[Called By]<UL><LI><a href="#[185]">&gt;&gt;</a>&nbsp;&nbsp;&nbsp;get_firmware_from_network
<LI><a href="#[159]">&gt;&gt;</a>&nbsp;&nbsp;&nbsp;proc_SEGCP_tcp
<LI><a href="#[12c]">&gt;&gt;</a>&nbsp;&nbsp;&nbsp;proc_SEG_tcp_server
<LI><a href="#[12a]">&gt;&gt;</a>&nbsp;&nbsp;&nbsp;proc_SEG_tcp_mixed
</UL>

<P><STRONG><a name="[ad]"></a>connect</STRONG> (Thumb, 264 bytes, Stack size 32 bytes, socket.o(.text))
<BR><BR>[Stack]<UL><LI>Max Depth = 32<LI>Call Chain = connect
</UL>
<BR>[Calls]<UL><LI><a href="#[a9]">&gt;&gt;</a>&nbsp;&nbsp;&nbsp;WIZCHIP_WRITE
<LI><a href="#[aa]">&gt;&gt;</a>&nbsp;&nbsp;&nbsp;WIZCHIP_READ
</UL>
<BR>[Called By]<UL><LI><a href="#[12d]">&gt;&gt;</a>&nbsp;&nbsp;&nbsp;proc_SEG_tcp_client
<LI><a href="#[12a]">&gt;&gt;</a>&nbsp;&nbsp;&nbsp;proc_SEG_tcp_mixed
</UL>

<P><STRONG><a name="[ae]"></a>disconnect</STRONG> (Thumb, 132 bytes, Stack size 16 bytes, socket.o(.text))
<BR><BR>[Stack]<UL><LI>Max Depth = 32<LI>Call Chain = disconnect &rArr; close
</UL>
<BR>[Calls]<UL><LI><a href="#[a9]">&gt;&gt;</a>&nbsp;&nbsp;&nbsp;WIZCHIP_WRITE
<LI><a href="#[aa]">&gt;&gt;</a>&nbsp;&nbsp;&nbsp;WIZCHIP_READ
<LI><a href="#[a8]">&gt;&gt;</a>&nbsp;&nbsp;&nbsp;close
</UL>
<BR>[Called By]<UL><LI><a href="#[185]">&gt;&gt;</a>&nbsp;&nbsp;&nbsp;get_firmware_from_network
<LI><a href="#[159]">&gt;&gt;</a>&nbsp;&nbsp;&nbsp;proc_SEGCP_tcp
<LI><a href="#[12d]">&gt;&gt;</a>&nbsp;&nbsp;&nbsp;proc_SEG_tcp_client
<LI><a href="#[12c]">&gt;&gt;</a>&nbsp;&nbsp;&nbsp;proc_SEG_tcp_server
<LI><a href="#[12a]">&gt;&gt;</a>&nbsp;&nbsp;&nbsp;proc_SEG_tcp_mixed
<LI><a href="#[118]">&gt;&gt;</a>&nbsp;&nbsp;&nbsp;ether_to_uart
<LI><a href="#[e5]">&gt;&gt;</a>&nbsp;&nbsp;&nbsp;process_socket_termination
</UL>

<P><STRONG><a name="[af]"></a>send</STRONG> (Thumb, 288 bytes, Stack size 40 bytes, socket.o(.text))
<BR><BR>[Stack]<UL><LI>Max Depth = 72<LI>Call Chain = send &rArr; wiz_send_data &rArr; WIZCHIP_WRITE_BUF
</UL>
<BR>[Calls]<UL><LI><a href="#[70]">&gt;&gt;</a>&nbsp;&nbsp;&nbsp;wiz_send_data
<LI><a href="#[a9]">&gt;&gt;</a>&nbsp;&nbsp;&nbsp;WIZCHIP_WRITE
<LI><a href="#[aa]">&gt;&gt;</a>&nbsp;&nbsp;&nbsp;WIZCHIP_READ
<LI><a href="#[a8]">&gt;&gt;</a>&nbsp;&nbsp;&nbsp;close
</UL>
<BR>[Called By]<UL><LI><a href="#[185]">&gt;&gt;</a>&nbsp;&nbsp;&nbsp;get_firmware_from_network
<LI><a href="#[159]">&gt;&gt;</a>&nbsp;&nbsp;&nbsp;proc_SEGCP_tcp
<LI><a href="#[122]">&gt;&gt;</a>&nbsp;&nbsp;&nbsp;uart_to_ether
</UL>

<P><STRONG><a name="[b0]"></a>recv</STRONG> (Thumb, 206 bytes, Stack size 40 bytes, socket.o(.text))
<BR><BR>[Stack]<UL><LI>Max Depth = 68<LI>Call Chain = recv &rArr; wiz_recv_data &rArr; WIZCHIP_READ_BUF
</UL>
<BR>[Calls]<UL><LI><a href="#[72]">&gt;&gt;</a>&nbsp;&nbsp;&nbsp;wiz_recv_data
<LI><a href="#[a9]">&gt;&gt;</a>&nbsp;&nbsp;&nbsp;WIZCHIP_WRITE
<LI><a href="#[aa]">&gt;&gt;</a>&nbsp;&nbsp;&nbsp;WIZCHIP_READ
<LI><a href="#[a8]">&gt;&gt;</a>&nbsp;&nbsp;&nbsp;close
</UL>
<BR>[Called By]<UL><LI><a href="#[185]">&gt;&gt;</a>&nbsp;&nbsp;&nbsp;get_firmware_from_network
<LI><a href="#[159]">&gt;&gt;</a>&nbsp;&nbsp;&nbsp;proc_SEGCP_tcp
<LI><a href="#[118]">&gt;&gt;</a>&nbsp;&nbsp;&nbsp;ether_to_uart
</UL>

<P><STRONG><a name="[b1]"></a>sendto</STRONG> (Thumb, 348 bytes, Stack size 48 bytes, socket.o(.text))
<BR><BR>[Stack]<UL><LI>Max Depth = 80<LI>Call Chain = sendto &rArr; wiz_send_data &rArr; WIZCHIP_WRITE_BUF
</UL>
<BR>[Calls]<UL><LI><a href="#[70]">&gt;&gt;</a>&nbsp;&nbsp;&nbsp;wiz_send_data
<LI><a href="#[a9]">&gt;&gt;</a>&nbsp;&nbsp;&nbsp;WIZCHIP_WRITE
<LI><a href="#[aa]">&gt;&gt;</a>&nbsp;&nbsp;&nbsp;WIZCHIP_READ
</UL>
<BR>[Called By]<UL><LI><a href="#[d7]">&gt;&gt;</a>&nbsp;&nbsp;&nbsp;DNS_run
<LI><a href="#[c7]">&gt;&gt;</a>&nbsp;&nbsp;&nbsp;check_DHCP_leasedIP
<LI><a href="#[c3]">&gt;&gt;</a>&nbsp;&nbsp;&nbsp;send_DHCP_DECLINE
<LI><a href="#[c2]">&gt;&gt;</a>&nbsp;&nbsp;&nbsp;send_DHCP_REQUEST
<LI><a href="#[c0]">&gt;&gt;</a>&nbsp;&nbsp;&nbsp;send_DHCP_DISCOVER
<LI><a href="#[15a]">&gt;&gt;</a>&nbsp;&nbsp;&nbsp;proc_SEGCP_udp
<LI><a href="#[122]">&gt;&gt;</a>&nbsp;&nbsp;&nbsp;uart_to_ether
</UL>

<P><STRONG><a name="[b2]"></a>recvfrom</STRONG> (Thumb, 450 bytes, Stack size 56 bytes, socket.o(.text))
<BR><BR>[Stack]<UL><LI>Max Depth = 84<LI>Call Chain = recvfrom &rArr; wiz_recv_data &rArr; WIZCHIP_READ_BUF
</UL>
<BR>[Calls]<UL><LI><a href="#[b3]">&gt;&gt;</a>&nbsp;&nbsp;&nbsp;wiz_recv_ignore
<LI><a href="#[72]">&gt;&gt;</a>&nbsp;&nbsp;&nbsp;wiz_recv_data
<LI><a href="#[a9]">&gt;&gt;</a>&nbsp;&nbsp;&nbsp;WIZCHIP_WRITE
<LI><a href="#[aa]">&gt;&gt;</a>&nbsp;&nbsp;&nbsp;WIZCHIP_READ
<LI><a href="#[a8]">&gt;&gt;</a>&nbsp;&nbsp;&nbsp;close
</UL>
<BR>[Called By]<UL><LI><a href="#[d7]">&gt;&gt;</a>&nbsp;&nbsp;&nbsp;DNS_run
<LI><a href="#[c4]">&gt;&gt;</a>&nbsp;&nbsp;&nbsp;parseDHCPMSG
<LI><a href="#[15a]">&gt;&gt;</a>&nbsp;&nbsp;&nbsp;proc_SEGCP_udp
<LI><a href="#[118]">&gt;&gt;</a>&nbsp;&nbsp;&nbsp;ether_to_uart
</UL>

<P><STRONG><a name="[b4]"></a>setsockopt</STRONG> (Thumb, 204 bytes, Stack size 24 bytes, socket.o(.text))
<BR><BR>[Stack]<UL><LI>Max Depth = 32<LI>Call Chain = setsockopt &rArr; __ARM_common_switch8
</UL>
<BR>[Calls]<UL><LI><a href="#[a9]">&gt;&gt;</a>&nbsp;&nbsp;&nbsp;WIZCHIP_WRITE
<LI><a href="#[aa]">&gt;&gt;</a>&nbsp;&nbsp;&nbsp;WIZCHIP_READ
<LI><a href="#[b5]">&gt;&gt;</a>&nbsp;&nbsp;&nbsp;__ARM_common_switch8
</UL>
<BR>[Called By]<UL><LI><a href="#[158]">&gt;&gt;</a>&nbsp;&nbsp;&nbsp;send_keepalive_packet_configtool
<LI><a href="#[128]">&gt;&gt;</a>&nbsp;&nbsp;&nbsp;send_keepalive_packet_manual
</UL>

<P><STRONG><a name="[b6]"></a>getsockopt</STRONG> (Thumb, 230 bytes, Stack size 24 bytes, socket.o(.text))
<BR><BR>[Stack]<UL><LI>Max Depth = 32<LI>Call Chain = getsockopt &rArr; __ARM_common_switch8
</UL>
<BR>[Calls]<UL><LI><a href="#[aa]">&gt;&gt;</a>&nbsp;&nbsp;&nbsp;WIZCHIP_READ
<LI><a href="#[b5]">&gt;&gt;</a>&nbsp;&nbsp;&nbsp;__ARM_common_switch8
</UL>
<BR>[Called By]<UL><LI><a href="#[12d]">&gt;&gt;</a>&nbsp;&nbsp;&nbsp;proc_SEG_tcp_client
<LI><a href="#[12c]">&gt;&gt;</a>&nbsp;&nbsp;&nbsp;proc_SEG_tcp_server
<LI><a href="#[12a]">&gt;&gt;</a>&nbsp;&nbsp;&nbsp;proc_SEG_tcp_mixed
</UL>

<P><STRONG><a name="[5]"></a>wizchip_cris_enter</STRONG> (Thumb, 2 bytes, Stack size 0 bytes, wizchip_conf.o(.text))
<BR>[Address Reference Count : 1]<UL><LI> wizchip_conf.o(.data)
</UL>
<P><STRONG><a name="[6]"></a>wizchip_cris_exit</STRONG> (Thumb, 2 bytes, Stack size 0 bytes, wizchip_conf.o(.text))
<BR>[Address Reference Count : 1]<UL><LI> wizchip_conf.o(.data)
</UL>
<P><STRONG><a name="[7]"></a>wizchip_cs_select</STRONG> (Thumb, 2 bytes, Stack size 0 bytes, wizchip_conf.o(.text))
<BR>[Address Reference Count : 1]<UL><LI> wizchip_conf.o(.data)
</UL>
<P><STRONG><a name="[8]"></a>wizchip_cs_deselect</STRONG> (Thumb, 2 bytes, Stack size 0 bytes, wizchip_conf.o(.text))
<BR>[Address Reference Count : 1]<UL><LI> wizchip_conf.o(.data)
</UL>
<P><STRONG><a name="[9]"></a>wizchip_bus_readbyte</STRONG> (Thumb, 4 bytes, Stack size 0 bytes, wizchip_conf.o(.text))
<BR>[Address Reference Count : 1]<UL><LI> wizchip_conf.o(.data)
</UL>
<P><STRONG><a name="[a]"></a>wizchip_bus_writebyte</STRONG> (Thumb, 4 bytes, Stack size 0 bytes, wizchip_conf.o(.text))
<BR>[Address Reference Count : 1]<UL><LI> wizchip_conf.o(.data)
</UL>
<P><STRONG><a name="[b7]"></a>wizchip_sw_reset</STRONG> (Thumb, 332 bytes, Stack size 96 bytes, wizchip_conf.o(.text))
<BR><BR>[Stack]<UL><LI>Max Depth = 96<LI>Call Chain = wizchip_sw_reset
</UL>
<BR>[Calls]<UL><LI><a href="#[a9]">&gt;&gt;</a>&nbsp;&nbsp;&nbsp;WIZCHIP_WRITE
<LI><a href="#[aa]">&gt;&gt;</a>&nbsp;&nbsp;&nbsp;WIZCHIP_READ
</UL>
<BR>[Called By]<UL><LI><a href="#[4f]">&gt;&gt;</a>&nbsp;&nbsp;&nbsp;main
<LI><a href="#[b8]">&gt;&gt;</a>&nbsp;&nbsp;&nbsp;wizchip_init
</UL>

<P><STRONG><a name="[b8]"></a>wizchip_init</STRONG> (Thumb, 118 bytes, Stack size 24 bytes, wizchip_conf.o(.text))
<BR><BR>[Stack]<UL><LI>Max Depth = 120<LI>Call Chain = wizchip_init &rArr; wizchip_sw_reset
</UL>
<BR>[Calls]<UL><LI><a href="#[a9]">&gt;&gt;</a>&nbsp;&nbsp;&nbsp;WIZCHIP_WRITE
<LI><a href="#[b7]">&gt;&gt;</a>&nbsp;&nbsp;&nbsp;wizchip_sw_reset
</UL>
<BR>[Called By]<UL><LI><a href="#[4f]">&gt;&gt;</a>&nbsp;&nbsp;&nbsp;main
</UL>

<P><STRONG><a name="[b9]"></a>wizchip_gettimeout</STRONG> (Thumb, 24 bytes, Stack size 8 bytes, wizchip_conf.o(.text))
<BR><BR>[Stack]<UL><LI>Max Depth = 8<LI>Call Chain = wizchip_gettimeout
</UL>
<BR>[Calls]<UL><LI><a href="#[aa]">&gt;&gt;</a>&nbsp;&nbsp;&nbsp;WIZCHIP_READ
</UL>
<BR>[Called By]<UL><LI><a href="#[bf]">&gt;&gt;</a>&nbsp;&nbsp;&nbsp;ctlnetwork
</UL>

<P><STRONG><a name="[ba]"></a>wizchip_settimeout</STRONG> (Thumb, 28 bytes, Stack size 8 bytes, wizchip_conf.o(.text))
<BR><BR>[Stack]<UL><LI>Max Depth = 8<LI>Call Chain = wizchip_settimeout
</UL>
<BR>[Calls]<UL><LI><a href="#[a9]">&gt;&gt;</a>&nbsp;&nbsp;&nbsp;WIZCHIP_WRITE
</UL>
<BR>[Called By]<UL><LI><a href="#[4f]">&gt;&gt;</a>&nbsp;&nbsp;&nbsp;main
<LI><a href="#[bf]">&gt;&gt;</a>&nbsp;&nbsp;&nbsp;ctlnetwork
</UL>

<P><STRONG><a name="[bb]"></a>wizchip_getnetmode</STRONG> (Thumb, 10 bytes, Stack size 8 bytes, wizchip_conf.o(.text))
<BR><BR>[Stack]<UL><LI>Max Depth = 8<LI>Call Chain = wizchip_getnetmode
</UL>
<BR>[Calls]<UL><LI><a href="#[aa]">&gt;&gt;</a>&nbsp;&nbsp;&nbsp;WIZCHIP_READ
</UL>
<BR>[Called By]<UL><LI><a href="#[bf]">&gt;&gt;</a>&nbsp;&nbsp;&nbsp;ctlnetwork
</UL>

<P><STRONG><a name="[bc]"></a>wizchip_setnetmode</STRONG> (Thumb, 38 bytes, Stack size 16 bytes, wizchip_conf.o(.text))
<BR><BR>[Stack]<UL><LI>Max Depth = 16<LI>Call Chain = wizchip_setnetmode
</UL>
<BR>[Calls]<UL><LI><a href="#[a9]">&gt;&gt;</a>&nbsp;&nbsp;&nbsp;WIZCHIP_WRITE
<LI><a href="#[aa]">&gt;&gt;</a>&nbsp;&nbsp;&nbsp;WIZCHIP_READ
</UL>
<BR>[Called By]<UL><LI><a href="#[bf]">&gt;&gt;</a>&nbsp;&nbsp;&nbsp;ctlnetwork
</UL>

<P><STRONG><a name="[bd]"></a>wizchip_getnetinfo</STRONG> (Thumb, 210 bytes, Stack size 8 bytes, wizchip_conf.o(.text))
<BR><BR>[Stack]<UL><LI>Max Depth = 8<LI>Call Chain = wizchip_getnetinfo
</UL>
<BR>[Calls]<UL><LI><a href="#[aa]">&gt;&gt;</a>&nbsp;&nbsp;&nbsp;WIZCHIP_READ
</UL>
<BR>[Called By]<UL><LI><a href="#[bf]">&gt;&gt;</a>&nbsp;&nbsp;&nbsp;ctlnetwork
</UL>

<P><STRONG><a name="[be]"></a>wizchip_setnetinfo</STRONG> (Thumb, 210 bytes, Stack size 8 bytes, wizchip_conf.o(.text))
<BR><BR>[Stack]<UL><LI>Max Depth = 8<LI>Call Chain = wizchip_setnetinfo
</UL>
<BR>[Calls]<UL><LI><a href="#[a9]">&gt;&gt;</a>&nbsp;&nbsp;&nbsp;WIZCHIP_WRITE
</UL>
<BR>[Called By]<UL><LI><a href="#[bf]">&gt;&gt;</a>&nbsp;&nbsp;&nbsp;ctlnetwork
</UL>

<P><STRONG><a name="[bf]"></a>ctlnetwork</STRONG> (Thumb, 90 bytes, Stack size 8 bytes, wizchip_conf.o(.text))
<BR><BR>[Stack]<UL><LI>Max Depth = 24<LI>Call Chain = ctlnetwork &rArr; wizchip_setnetmode
</UL>
<BR>[Calls]<UL><LI><a href="#[be]">&gt;&gt;</a>&nbsp;&nbsp;&nbsp;wizchip_setnetinfo
<LI><a href="#[bd]">&gt;&gt;</a>&nbsp;&nbsp;&nbsp;wizchip_getnetinfo
<LI><a href="#[bc]">&gt;&gt;</a>&nbsp;&nbsp;&nbsp;wizchip_setnetmode
<LI><a href="#[bb]">&gt;&gt;</a>&nbsp;&nbsp;&nbsp;wizchip_getnetmode
[...]
<BR><BR>[Calls]<UL><LI><a href="#[1b9]">&gt;&gt;</a>&nbsp;&nbsp;&nbsp;_dsub1
<LI><a href="#[1ba]">&gt;&gt;</a>&nbsp;&nbsp;&nbsp;_dadd1
</UL>

<P><STRONG><a name="[25c]"></a>__aeabi_drsub</STRONG> (Thumb, 0 bytes, Stack size 16 bytes, daddsub.o(.text), UNUSED)

<P><STRONG><a name="[1bc]"></a>_drsb</STRONG> (Thumb, 28 bytes, Stack size 16 bytes, daddsub.o(.text), UNUSED)
<BR><BR>[Calls]<UL><LI><a href="#[1b9]">&gt;&gt;</a>&nbsp;&nbsp;&nbsp;_dsub1
<LI><a href="#[1ba]">&gt;&gt;</a>&nbsp;&nbsp;&nbsp;_dadd1
</UL>

<P><STRONG><a name="[6a]"></a>__aeabi_d2uiz</STRONG> (Thumb, 0 bytes, Stack size 8 bytes, dfixui.o(.text))
<BR><BR>[Stack]<UL><LI>Max Depth = 8<LI>Call Chain = __aeabi_d2uiz
</UL>
<BR>[Called By]<UL><LI><a href="#[60]">&gt;&gt;</a>&nbsp;&nbsp;&nbsp;UART_Init
</UL>

<P><STRONG><a name="[25d]"></a>_dfixu</STRONG> (Thumb, 68 bytes, Stack size 8 bytes, dfixui.o(.text), UNUSED)

<P><STRONG><a name="[68]"></a>__aeabi_f2d</STRONG> (Thumb, 0 bytes, Stack size 0 bytes, f2d.o(.text))
<BR><BR>[Called By]<UL><LI><a href="#[60]">&gt;&gt;</a>&nbsp;&nbsp;&nbsp;UART_Init
</UL>

<P><STRONG><a name="[25e]"></a>_f2d</STRONG> (Thumb, 80 bytes, Stack size 0 bytes, f2d.o(.text), UNUSED)

<P><STRONG><a name="[64]"></a>__aeabi_fdiv</STRONG> (Thumb, 0 bytes, Stack size 20 bytes, fdiv.o(.text))
<BR><BR>[Stack]<UL><LI>Max Depth = 20<LI>Call Chain = __aeabi_fdiv
</UL>
<BR>[Called By]<UL><LI><a href="#[60]">&gt;&gt;</a>&nbsp;&nbsp;&nbsp;UART_Init
</UL>

<P><STRONG><a name="[1be]"></a>_fdiv</STRONG> (Thumb, 334 bytes, Stack size 20 bytes, fdiv.o(.text), UNUSED)
<BR><BR>[Called By]<UL><LI><a href="#[1bd]">&gt;&gt;</a>&nbsp;&nbsp;&nbsp;_frdiv
</UL>

<P><STRONG><a name="[1bd]"></a>_frdiv</STRONG> (Thumb, 8 bytes, Stack size 0 bytes, fdiv.o(.text), UNUSED)
<BR><BR>[Calls]<UL><LI><a href="#[1be]">&gt;&gt;</a>&nbsp;&nbsp;&nbsp;_fdiv
</UL>

<P><STRONG><a name="[65]"></a>__aeabi_f2uiz</STRONG> (Thumb, 0 bytes, Stack size 0 bytes, ffixui.o(.text))
<BR><BR>[Called By]<UL><LI><a href="#[60]">&gt;&gt;</a>&nbsp;&nbsp;&nbsp;UART_Init
</UL>

<P><STRONG><a name="[25f]"></a>_ffixu</STRONG> (Thumb, 48 bytes, Stack size 0 bytes, ffixui.o(.text), UNUSED)

<P><STRONG><a name="[1c0]"></a>__aeabi_i2f_normalise</STRONG> (Thumb, 72 bytes, Stack size 0 bytes, fflti.o(.text))
<BR><BR>[Called By]<UL><LI><a href="#[1bf]">&gt;&gt;</a>&nbsp;&nbsp;&nbsp;__aeabi_i2f
<LI><a href="#[63]">&gt;&gt;</a>&nbsp;&nbsp;&nbsp;__aeabi_ui2f
</UL>

<P><STRONG><a name="[1bf]"></a>__aeabi_i2f</STRONG> (Thumb, 16 bytes, Stack size 0 bytes, fflti.o(.text), UNUSED)
<BR><BR>[Calls]<UL><LI><a href="#[1c0]">&gt;&gt;</a>&nbsp;&nbsp;&nbsp;__aeabi_i2f_normalise
</UL>

<P><STRONG><a name="[260]"></a>_fflt</STRONG> (Thumb, 0 bytes, Stack size 0 bytes, fflti.o(.text), UNUSED)

<P><STRONG><a name="[63]"></a>__aeabi_ui2f</STRONG> (Thumb, 6 bytes, Stack size 0 bytes, fflti.o(.text))
<BR><BR>[Calls]<UL><LI><a href="#[1c0]">&gt;&gt;</a>&nbsp;&nbsp;&nbsp;__aeabi_i2f_normalise
</UL>
<BR>[Called By]<UL><LI><a href="#[60]">&gt;&gt;</a>&nbsp;&nbsp;&nbsp;UART_Init
</UL>

<P><STRONG><a name="[261]"></a>_ffltu</STRONG> (Thumb, 0 bytes, Stack size 0 bytes, fflti.o(.text), UNUSED)

<P><STRONG><a name="[67]"></a>__ARM_scalbnf</STRONG> (Thumb, 64 bytes, Stack size 8 bytes, fscalbn.o(.text))
<BR><BR>[Stack]<UL><LI>Max Depth = 8<LI>Call Chain = __ARM_scalbnf
</UL>
<BR>[Called By]<UL><LI><a href="#[60]">&gt;&gt;</a>&nbsp;&nbsp;&nbsp;UART_Init
</UL>

<P><STRONG><a name="[48]"></a>__rt_locale</STRONG> (Thumb, 8 bytes, Stack size 0 bytes, rt_locale_intlibspace.o(.text))
<BR><BR>[Called By]<UL><LI><a href="#[87]">&gt;&gt;</a>&nbsp;&nbsp;&nbsp;__rt_ctype_table
<LI><a href="#[47]">&gt;&gt;</a>&nbsp;&nbsp;&nbsp;__rt_lib_init_lc_common
</UL>

<P><STRONG><a name="[1b2]"></a>__aeabi_errno_addr</STRONG> (Thumb, 8 bytes, Stack size 0 bytes, rt_errno_addr_intlibspace.o(.text))
<BR><BR>[Called By]<UL><LI><a href="#[14d]">&gt;&gt;</a>&nbsp;&nbsp;&nbsp;atol
<LI><a href="#[14f]">&gt;&gt;</a>&nbsp;&nbsp;&nbsp;atoi
<LI><a href="#[1c4]">&gt;&gt;</a>&nbsp;&nbsp;&nbsp;_strtoul
<LI><a href="#[1b3]">&gt;&gt;</a>&nbsp;&nbsp;&nbsp;strtol
</UL>

<P><STRONG><a name="[262]"></a>__errno$intlibspace</STRONG> (Thumb, 0 bytes, Stack size 0 bytes, rt_errno_addr_intlibspace.o(.text), UNUSED)

<P><STRONG><a name="[263]"></a>__rt_errno_addr$intlibspace</STRONG> (Thumb, 0 bytes, Stack size 0 bytes, rt_errno_addr_intlibspace.o(.text), UNUSED)

<P><STRONG><a name="[1ae]"></a>_printf_int_common</STRONG> (Thumb, 176 bytes, Stack size 40 bytes, _printf_intcommon.o(.text))
<BR><BR>[Stack]<UL><LI>Max Depth = 56<LI>Call Chain = _printf_int_common &rArr; _printf_post_padding
</UL>
<BR>[Calls]<UL><LI><a href="#[1aa]">&gt;&gt;</a>&nbsp;&nbsp;&nbsp;_printf_post_padding
<LI><a href="#[1a9]">&gt;&gt;</a>&nbsp;&nbsp;&nbsp;_printf_pre_padding
</UL>
<BR>[Called By]<UL><LI><a href="#[40]">&gt;&gt;</a>&nbsp;&nbsp;&nbsp;_printf_int_hex
<LI><a href="#[3d]">&gt;&gt;</a>&nbsp;&nbsp;&nbsp;_printf_int_dec
</UL>

<P><STRONG><a name="[1a7]"></a>_printf_char_common</STRONG> (Thumb, 32 bytes, Stack size 64 bytes, _printf_char_common.o(.text))
<BR><BR>[Stack]<UL><LI>Max Depth = 96 + Unknown Stack Size
<LI>Call Chain = _printf_char_common &rArr; __printf
</UL>
<BR>[Calls]<UL><LI><a href="#[1af]">&gt;&gt;</a>&nbsp;&nbsp;&nbsp;__printf
</UL>
<BR>[Called By]<UL><LI><a href="#[197]">&gt;&gt;</a>&nbsp;&nbsp;&nbsp;__2snprintf
<LI><a href="#[145]">&gt;&gt;</a>&nbsp;&nbsp;&nbsp;__2sprintf
<LI><a href="#[1a6]">&gt;&gt;</a>&nbsp;&nbsp;&nbsp;_printf_char_file
</UL>

<P><STRONG><a name="[33]"></a>_sputc</STRONG> (Thumb, 10 bytes, Stack size 0 bytes, _sputc.o(.text))
<BR><BR>[Called By]<UL><LI><a href="#[197]">&gt;&gt;</a>&nbsp;&nbsp;&nbsp;__2snprintf
<LI><a href="#[145]">&gt;&gt;</a>&nbsp;&nbsp;&nbsp;__2sprintf
</UL>
<BR>[Address Reference Count : 1]<UL><LI> __2sprintf.o(.text)
</UL>
<P><STRONG><a name="[34]"></a>_snputc</STRONG> (Thumb, 16 bytes, Stack size 0 bytes, _snputc.o(.text))
<BR>[Address Reference Count : 1]<UL><LI> __2snprintf.o(.text)
</UL>
<P><STRONG><a name="[1c1]"></a>_printf_cs_common</STRONG> (Thumb, 22 bytes, Stack size 8 bytes, _printf_char.o(.text))
<BR><BR>[Stack]<UL><LI>Max Depth = 40<LI>Call Chain = _printf_cs_common &rArr; _printf_str &rArr; _printf_post_padding
</UL>
<BR>[Calls]<UL><LI><a href="#[1a8]">&gt;&gt;</a>&nbsp;&nbsp;&nbsp;_printf_str
<LI><a href="#[1c2]">&gt;&gt;</a>&nbsp;&nbsp;&nbsp;_printf_mbtowc (Weak Reference)
</UL>
<BR>[Called By]<UL><LI><a href="#[44]">&gt;&gt;</a>&nbsp;&nbsp;&nbsp;_printf_string
<LI><a href="#[42]">&gt;&gt;</a>&nbsp;&nbsp;&nbsp;_printf_char
</UL>

<P><STRONG><a name="[42]"></a>_printf_char</STRONG> (Thumb, 16 bytes, Stack size 0 bytes, _printf_char.o(.text))
<BR><BR>[Stack]<UL><LI>Max Depth = 40<LI>Call Chain = _printf_char &rArr; _printf_cs_common &rArr; _printf_str &rArr; _printf_post_padding
</UL>
<BR>[Calls]<UL><LI><a href="#[1c1]">&gt;&gt;</a>&nbsp;&nbsp;&nbsp;_printf_cs_common
</UL>
<BR>[Called By]<UL><LI><a href="#[3f]">&gt;&gt;</a>&nbsp;&nbsp;&nbsp;_printf_c
</UL>

<P><STRONG><a name="[44]"></a>_printf_string</STRONG> (Thumb, 8 bytes, Stack size 0 bytes, _printf_char.o(.text))
<BR><BR>[Stack]<UL><LI>Max Depth = 40<LI>Call Chain = _printf_string &rArr; _printf_cs_common &rArr; _printf_str &rArr; _printf_post_padding
</UL>
<BR>[Calls]<UL><LI><a href="#[1c1]">&gt;&gt;</a>&nbsp;&nbsp;&nbsp;_printf_cs_common
</UL>
<BR>[Called By]<UL><LI><a href="#[41]">&gt;&gt;</a>&nbsp;&nbsp;&nbsp;_printf_s
</UL>

<P><STRONG><a name="[1a6]"></a>_printf_char_file</STRONG> (Thumb, 34 bytes, Stack size 16 bytes, _printf_char_file.o(.text))
<BR><BR>[Stack]<UL><LI>Max Depth = 112 + Unknown Stack Size
<LI>Call Chain = _printf_char_file &rArr; _printf_char_common &rArr; __printf
</UL>
<BR>[Calls]<UL><LI><a href="#[1c3]">&gt;&gt;</a>&nbsp;&nbsp;&nbsp;ferror
<LI><a href="#[1a7]">&gt;&gt;</a>&nbsp;&nbsp;&nbsp;_printf_char_common
</UL>
<BR>[Called By]<UL><LI><a href="#[76]">&gt;&gt;</a>&nbsp;&nbsp;&nbsp;__2printf
</UL>

<P><STRONG><a name="[1b3]"></a>strtol</STRONG> (Thumb, 108 bytes, Stack size 32 bytes, strtol.o(.text))
<BR><BR>[Stack]<UL><LI>Max Depth = 72<LI>Call Chain = strtol &rArr; _strtoul
</UL>
<BR>[Calls]<UL><LI><a href="#[87]">&gt;&gt;</a>&nbsp;&nbsp;&nbsp;__rt_ctype_table
<LI><a href="#[1c4]">&gt;&gt;</a>&nbsp;&nbsp;&nbsp;_strtoul
<LI><a href="#[1b2]">&gt;&gt;</a>&nbsp;&nbsp;&nbsp;__aeabi_errno_addr
</UL>
<BR>[Called By]<UL><LI><a href="#[14d]">&gt;&gt;</a>&nbsp;&nbsp;&nbsp;atol
<LI><a href="#[14f]">&gt;&gt;</a>&nbsp;&nbsp;&nbsp;atoi
</UL>

<P><STRONG><a name="[89]"></a>__strtok_internal</STRONG> (Thumb, 66 bytes, Stack size 24 bytes, strtok_int.o(.text))
<BR><BR>[Stack]<UL><LI>Max Depth = 36<LI>Call Chain = __strtok_internal &rArr; strspn
</UL>
<BR>[Calls]<UL><LI><a href="#[1c5]">&gt;&gt;</a>&nbsp;&nbsp;&nbsp;strspn
<LI><a href="#[1c6]">&gt;&gt;</a>&nbsp;&nbsp;&nbsp;strcspn
</UL>
<BR>[Called By]<UL><LI><a href="#[88]">&gt;&gt;</a>&nbsp;&nbsp;&nbsp;strtok
</UL>

<P><STRONG><a name="[1ad]"></a>__rt_udiv10</STRONG> (Thumb, 40 bytes, Stack size 0 bytes, rtudiv10.o(.text))
<BR><BR>[Called By]<UL><LI><a href="#[3d]">&gt;&gt;</a>&nbsp;&nbsp;&nbsp;_printf_int_dec
</UL>

<P><STRONG><a name="[264]"></a>__user_libspace</STRONG> (Thumb, 8 bytes, Stack size 0 bytes, libspace.o(.text), UNUSED)

<P><STRONG><a name="[1c8]"></a>__user_perproc_libspace</STRONG> (Thumb, 0 bytes, Stack size 0 bytes, libspace.o(.text))
<BR><BR>[Called By]<UL><LI><a href="#[4b]">&gt;&gt;</a>&nbsp;&nbsp;&nbsp;__user_setup_stackheap
</UL>

<P><STRONG><a name="[265]"></a>__user_perthread_libspace</STRONG> (Thumb, 0 bytes, Stack size 0 bytes, libspace.o(.text), UNUSED)

<P><STRONG><a name="[1c4]"></a>_strtoul</STRONG> (Thumb, 166 bytes, Stack size 40 bytes, _strtoul.o(.text))
<BR><BR>[Stack]<UL><LI>Max Depth = 40<LI>Call Chain = _strtoul
</UL>
<BR>[Calls]<UL><LI><a href="#[1c7]">&gt;&gt;</a>&nbsp;&nbsp;&nbsp;_chval
<LI><a href="#[1b2]">&gt;&gt;</a>&nbsp;&nbsp;&nbsp;__aeabi_errno_addr
</UL>
<BR>[Called By]<UL><LI><a href="#[1b3]">&gt;&gt;</a>&nbsp;&nbsp;&nbsp;strtol
</UL>

<P><STRONG><a name="[1c6]"></a>strcspn</STRONG> (Thumb, 34 bytes, Stack size 12 bytes, strcspn.o(.text))
<BR><BR>[Stack]<UL><LI>Max Depth = 12<LI>Call Chain = strcspn
</UL>
<BR>[Called By]<UL><LI><a href="#[89]">&gt;&gt;</a>&nbsp;&nbsp;&nbsp;__strtok_internal
</UL>

<P><STRONG><a name="[1c5]"></a>strspn</STRONG> (Thumb, 32 bytes, Stack size 12 bytes, strspn.o(.text))
<BR><BR>[Stack]<UL><LI>Max Depth = 12<LI>Call Chain = strspn
</UL>
<BR>[Called By]<UL><LI><a href="#[89]">&gt;&gt;</a>&nbsp;&nbsp;&nbsp;__strtok_internal
</UL>

<P><STRONG><a name="[4b]"></a>__user_setup_stackheap</STRONG> (Thumb, 62 bytes, Stack size 8 bytes, sys_stackheap_outer.o(.text))
<BR><BR>[Stack]<UL><LI>Max Depth = 8<LI>Call Chain = __user_setup_stackheap
</UL>
<BR>[Calls]<UL><LI><a href="#[1c9]">&gt;&gt;</a>&nbsp;&nbsp;&nbsp;__user_initial_stackheap
<LI><a href="#[1c8]">&gt;&gt;</a>&nbsp;&nbsp;&nbsp;__user_perproc_libspace
</UL>
<BR>[Called By]<UL><LI><a href="#[4a]">&gt;&gt;</a>&nbsp;&nbsp;&nbsp;__rt_entry_sh
</UL>

<P><STRONG><a name="[1c7]"></a>_chval</STRONG> (Thumb, 30 bytes, Stack size 0 bytes, _chval.o(.text))
<BR><BR>[Called By]<UL><LI><a href="#[1c4]">&gt;&gt;</a>&nbsp;&nbsp;&nbsp;_strtoul
</UL>

<P><STRONG><a name="[50]"></a>exit</STRONG> (Thumb, 16 bytes, Stack size 8 bytes, exit.o(.text))
<BR><BR>[Stack]<UL><LI>Max Depth = 8 + Unknown Stack Size
<LI>Call Chain = exit
</UL>
<BR>[Calls]<UL><LI><a href="#[1cb]">&gt;&gt;</a>&nbsp;&nbsp;&nbsp;__rt_exit
<LI><a href="#[1ca]">&gt;&gt;</a>&nbsp;&nbsp;&nbsp;_call_atexit_fns (Weak Reference)
</UL>
<BR>[Called By]<UL><LI><a href="#[4e]">&gt;&gt;</a>&nbsp;&nbsp;&nbsp;__rt_entry_main
</UL>

<P><STRONG><a name="[266]"></a>__decompress</STRONG> (Thumb, 0 bytes, Stack size unknown bytes, __dczerorl2.o(.text), UNUSED)

<P><STRONG><a name="[267]"></a>__decompress1</STRONG> (Thumb, 86 bytes, Stack size unknown bytes, __dczerorl2.o(.text), UNUSED)

<P><STRONG><a name="[b5]"></a>__ARM_common_switch8</STRONG> (Thumb, 26 bytes, Stack size 8 bytes, socket.o(i.__ARM_common_switch8))
<BR><BR>[Stack]<UL><LI>Max Depth = 8<LI>Call Chain = __ARM_common_switch8
</UL>
<BR>[Called By]<UL><LI><a href="#[cd]">&gt;&gt;</a>&nbsp;&nbsp;&nbsp;dns_answer
<LI><a href="#[c8]">&gt;&gt;</a>&nbsp;&nbsp;&nbsp;DHCP_run
<LI><a href="#[bf]">&gt;&gt;</a>&nbsp;&nbsp;&nbsp;ctlnetwork
<LI><a href="#[b6]">&gt;&gt;</a>&nbsp;&nbsp;&nbsp;getsockopt
<LI><a href="#[b4]">&gt;&gt;</a>&nbsp;&nbsp;&nbsp;setsockopt
<LI><a href="#[15e]">&gt;&gt;</a>&nbsp;&nbsp;&nbsp;erase_storage
<LI><a href="#[144]">&gt;&gt;</a>&nbsp;&nbsp;&nbsp;proc_SEGCP
<LI><a href="#[13c]">&gt;&gt;</a>&nbsp;&nbsp;&nbsp;write_storage
<LI><a href="#[136]">&gt;&gt;</a>&nbsp;&nbsp;&nbsp;clear_data_transfer_bytecount
<LI><a href="#[ea]">&gt;&gt;</a>&nbsp;&nbsp;&nbsp;set_device_status
</UL>

<P><STRONG><a name="[1b0]"></a>_is_digit</STRONG> (Thumb, 14 bytes, Stack size 0 bytes, __printf_wp.o(i._is_digit))
<BR><BR>[Called By]<UL><LI><a href="#[1af]">&gt;&gt;</a>&nbsp;&nbsp;&nbsp;__printf
</UL>

<P><STRONG><a name="[30]"></a>_get_lc_ctype</STRONG> (Thumb, 44 bytes, Stack size 8 bytes, lc_ctype_c.o(locale$$code))
<BR><BR>[Stack]<UL><LI>Max Depth = 24<LI>Call Chain = _get_lc_ctype &rArr; strcmp
</UL>
<BR>[Calls]<UL><LI><a href="#[146]">&gt;&gt;</a>&nbsp;&nbsp;&nbsp;strcmp
</UL>
<BR>[Called By]<UL><LI><a href="#[49]">&gt;&gt;</a>&nbsp;&nbsp;&nbsp;__rt_lib_init_lc_ctype_2
</UL>
<BR>[Address Reference Count : 1]<UL><LI> rt_ctype_table.o(.text)
</UL>
<P><STRONG><a name="[268]"></a>__aeabi_fadd</STRONG> (Thumb, 0 bytes, Stack size 16 bytes, faddsub.o(x$fpl$fadd), UNUSED)

<P><STRONG><a name="[1cc]"></a>_fadd</STRONG> (Thumb, 134 bytes, Stack size 16 bytes, faddsub.o(x$fpl$fadd), UNUSED)
<BR><BR>[Calls]<UL><LI><a href="#[1cd]">&gt;&gt;</a>&nbsp;&nbsp;&nbsp;_fsub1
</UL>

<P><STRONG><a name="[66]"></a>__aeabi_frsub</STRONG> (Thumb, 0 bytes, Stack size 16 bytes, faddsub.o(x$fpl$frsb))
<BR><BR>[Stack]<UL><LI>Max Depth = 16<LI>Call Chain = __aeabi_frsub
</UL>
<BR>[Called By]<UL><LI><a href="#[60]">&gt;&gt;</a>&nbsp;&nbsp;&nbsp;UART_Init
</UL>

<P><STRONG><a name="[1ce]"></a>_frsb</STRONG> (Thumb, 24 bytes, Stack size 16 bytes, faddsub.o(x$fpl$frsb), UNUSED)
<BR><BR>[Calls]<UL><LI><a href="#[1cd]">&gt;&gt;</a>&nbsp;&nbsp;&nbsp;_fsub1
<LI><a href="#[1cf]">&gt;&gt;</a>&nbsp;&nbsp;&nbsp;_fadd1
</UL>

<P><STRONG><a name="[269]"></a>__aeabi_fsub</STRONG> (Thumb, 0 bytes, Stack size 16 bytes, faddsub.o(x$fpl$fsub), UNUSED)

<P><STRONG><a name="[1d0]"></a>_fsub</STRONG> (Thumb, 204 bytes, Stack size 16 bytes, faddsub.o(x$fpl$fsub), UNUSED)
<BR><BR>[Calls]<UL><LI><a href="#[1cf]">&gt;&gt;</a>&nbsp;&nbsp;&nbsp;_fadd1
</UL>
<P>
<H3>
Local Symbols
</H3>
<P><STRONG><a name="[f6]"></a>W7500x_Init</STRONG> (Thumb, 78 bytes, Stack size 8 bytes, main.o(.text))
<BR><BR>[Stack]<UL><LI>Max Depth = 40<LI>Call Chain = W7500x_Init &rArr; SystemInit_User &rArr; SystemCoreClockUpdate_User
</UL>
<BR>[Calls]<UL><LI><a href="#[57]">&gt;&gt;</a>&nbsp;&nbsp;&nbsp;SystemInit_User
<LI><a href="#[62]">&gt;&gt;</a>&nbsp;&nbsp;&nbsp;GetSystemClock
<LI><a href="#[7f]">&gt;&gt;</a>&nbsp;&nbsp;&nbsp;delay
<LI><a href="#[105]">&gt;&gt;</a>&nbsp;&nbsp;&nbsp;UART2_Configuration
<LI><a href="#[104]">&gt;&gt;</a>&nbsp;&nbsp;&nbsp;Timer_Configuration
<LI><a href="#[103]">&gt;&gt;</a>&nbsp;&nbsp;&nbsp;Supervisory_IC_Init
<LI><a href="#[55]">&gt;&gt;</a>&nbsp;&nbsp;&nbsp;__aeabi_uidivmod
</UL>
<BR>[Called By]<UL><LI><a href="#[4f]">&gt;&gt;</a>&nbsp;&nbsp;&nbsp;main
</UL>

<P><STRONG><a name="[140]"></a>SysTick_Config</STRONG> (Thumb, 42 bytes, Stack size 8 bytes, segcp.o(.text))
<BR><BR>[Stack]<UL><LI>Max Depth = 8<LI>Call Chain = SysTick_Config
</UL>
<BR>[Called By]<UL><LI><a href="#[141]">&gt;&gt;</a>&nbsp;&nbsp;&nbsp;flash_update_start
<LI><a href="#[13f]">&gt;&gt;</a>&nbsp;&nbsp;&nbsp;flash_update_end
</UL>

<P><STRONG><a name="[13f]"></a>flash_update_end</STRONG> (Thumb, 42 bytes, Stack size 8 bytes, segcp.o(.text))
<BR><BR>[Stack]<UL><LI>Max Depth = 32<LI>Call Chain = flash_update_end &rArr; SystemCoreClockUpdate_User
</UL>
<BR>[Calls]<UL><LI><a href="#[56]">&gt;&gt;</a>&nbsp;&nbsp;&nbsp;SystemCoreClockUpdate_User
<LI><a href="#[62]">&gt;&gt;</a>&nbsp;&nbsp;&nbsp;GetSystemClock
<LI><a href="#[140]">&gt;&gt;</a>&nbsp;&nbsp;&nbsp;SysTick_Config
<LI><a href="#[105]">&gt;&gt;</a>&nbsp;&nbsp;&nbsp;UART2_Configuration
<LI><a href="#[55]">&gt;&gt;</a>&nbsp;&nbsp;&nbsp;__aeabi_uidivmod
</UL>
<BR>[Called By]<UL><LI><a href="#[eb]">&gt;&gt;</a>&nbsp;&nbsp;&nbsp;do_segcp
</UL>

<P><STRONG><a name="[141]"></a>flash_update_start</STRONG> (Thumb, 46 bytes, Stack size 8 bytes, segcp.o(.text))
<BR><BR>[Stack]<UL><LI>Max Depth = 32<LI>Call Chain = flash_update_start &rArr; SystemCoreClockUpdate_User
</UL>
<BR>[Calls]<UL><LI><a href="#[56]">&gt;&gt;</a>&nbsp;&nbsp;&nbsp;SystemCoreClockUpdate_User
<LI><a href="#[62]">&gt;&gt;</a>&nbsp;&nbsp;&nbsp;GetSystemClock
<LI><a href="#[140]">&gt;&gt;</a>&nbsp;&nbsp;&nbsp;SysTick_Config
<LI><a href="#[105]">&gt;&gt;</a>&nbsp;&nbsp;&nbsp;UART2_Configuration
<LI><a href="#[55]">&gt;&gt;</a>&nbsp;&nbsp;&nbsp;__aeabi_uidivmod
</UL>
<BR>[Called By]<UL><LI><a href="#[eb]">&gt;&gt;</a>&nbsp;&nbsp;&nbsp;do_segcp
</UL>

<P><STRONG><a name="[169]"></a>SysTick_Config</STRONG> (Thumb, 42 bytes, Stack size 8 bytes, flashhandler.o(.text))
<BR><BR>[Stack]<UL><LI>Max Depth = 8<LI>Call Chain = SysTick_Config
</UL>
<BR>[Called By]<UL><LI><a href="#[16a]">&gt;&gt;</a>&nbsp;&nbsp;&nbsp;flash_update_end
<LI><a href="#[168]">&gt;&gt;</a>&nbsp;&nbsp;&nbsp;flash_update_start
</UL>

<P><STRONG><a name="[1ba]"></a>_dadd1</STRONG> (Thumb, 290 bytes, Stack size 20 bytes, daddsub.o(.text), UNUSED)
<BR><BR>[Called By]<UL><LI><a href="#[1bc]">&gt;&gt;</a>&nbsp;&nbsp;&nbsp;_drsb
<LI><a href="#[1bb]">&gt;&gt;</a>&nbsp;&nbsp;&nbsp;_dsub
<LI><a href="#[1b8]">&gt;&gt;</a>&nbsp;&nbsp;&nbsp;_dadd
</UL>

<P><STRONG><a name="[1b9]"></a>_dsub1</STRONG> (Thumb, 470 bytes, Stack size 40 bytes, daddsub.o(.text), UNUSED)
<BR><BR>[Called By]<UL><LI><a href="#[1bc]">&gt;&gt;</a>&nbsp;&nbsp;&nbsp;_drsb
<LI><a href="#[1bb]">&gt;&gt;</a>&nbsp;&nbsp;&nbsp;_dsub
<LI><a href="#[1b8]">&gt;&gt;</a>&nbsp;&nbsp;&nbsp;_dadd
</UL>

<P><STRONG><a name="[1cf]"></a>_fadd1</STRONG> (Thumb, 0 bytes, Stack size unknown bytes, faddsub.o(x$fpl$fadd), UNUSED)
<BR><BR>[Called By]<UL><LI><a href="#[1d0]">&gt;&gt;</a>&nbsp;&nbsp;&nbsp;_fsub
<LI><a href="#[1ce]">&gt;&gt;</a>&nbsp;&nbsp;&nbsp;_frsb
</UL>

<P><STRONG><a name="[1cd]"></a>_fsub1</STRONG> (Thumb, 0 bytes, Stack size unknown bytes, faddsub.o(x$fpl$fsub), UNUSED)
<BR><BR>[Called By]<UL><LI><a href="#[1ce]">&gt;&gt;</a>&nbsp;&nbsp;&nbsp;_frsb
<LI><a href="#[1cc]">&gt;&gt;</a>&nbsp;&nbsp;&nbsp;_fadd
</UL>

<P><STRONG><a name="[35]"></a>_printf_input_char</STRONG> (Thumb, 10 bytes, Stack size 0 bytes, _printf_char_common.o(.text))
<BR>[Address Reference Count : 1]<UL><LI> _printf_char_common.o(.text)
</UL><P>
<H3>
Undefined Global Symbols
</H3>
<P><STRONG><a name="[1ca]"></a>_call_atexit_fns</STRONG> (ARM, 0 bytes, Stack size 0 bytes, UNDEFINED)
<BR><BR>[Called By]<UL><LI><a href="#[50]">&gt;&gt;</a>&nbsp;&nbsp;&nbsp;exit
</UL>

<P><STRONG><a name="[21e]"></a>_handle_redirection</STRONG> (ARM, 0 bytes, Stack size 0 bytes, UNDEFINED, UNUSED)
<BR><BR>[Called By]<UL></UL>

<P><STRONG><a name="[1c2]"></a>_printf_mbtowc</STRONG> (ARM, 0 bytes, Stack size 0 bytes, UNDEFINED)
<BR><BR>[Called By]<UL><LI><a href="#[1c1]">&gt;&gt;</a>&nbsp;&nbsp;&nbsp;_printf_cs_common
</UL>

<P><STRONG><a name="[1ab]"></a>_printf_truncate_signed</STRONG> (ARM, 0 bytes, Stack size 0 bytes, UNDEFINED)
<BR><BR>[Called By]<UL><LI><a href="#[3d]">&gt;&gt;</a>&nbsp;&nbsp;&nbsp;_printf_int_dec
</UL>

<P><STRONG><a name="[1ac]"></a>_printf_truncate_unsigned</STRONG> (ARM, 0 bytes, Stack size 0 bytes, UNDEFINED)
<BR><BR>[Called By]<UL><LI><a href="#[40]">&gt;&gt;</a>&nbsp;&nbsp;&nbsp;_printf_int_hex
<LI><a href="#[3d]">&gt;&gt;</a>&nbsp;&nbsp;&nbsp;_printf_int_dec
</UL>
<HR></body></html>
